已加载 500/5207，有效 470 只
已加载 1500/5207，有效 1403 只
已加载 2000/5207，有效 1859 只
已加载 2500/5207，有效 2354 只
已加载 3000/5207，有效 2845 只
已加载 3500/5207，有效 3313 只
已加载 4000/5207，有效 3805 只
已加载 4500/5207，有效 4279 只
已加载 5000/5207，有效 4768 只
开始回放 727 个交易日，worker=6，生成每日 Excel，股票数据已加载在内存中
已保存 1/727 2023-01-04: 候选 25 只，Top3 可验证 -> a_stock_data/verification_records/daily_replay/2023-01-04_rebound_top3
已保存 2/727 2023-01-06: 候选 17 只，Top3 可验证 -> a_stock_data/verification_records/daily_replay/2023-01-06_rebound_top3
已保存 3/727 2023-01-09: 候选 18 只，Top3 可验证 -> a_stock_data/verification_records/daily_replay/2023-01-09_rebound_top3
已保存 4/727 2023-01-10: 候选 18 只，Top3 可验证 -> a_stock_data/verification_records/daily_replay/2023-01-10_rebound_top3
已保存 5/727 2023-01-03: 候选 20 只，Top3 可验证 -> a_stock_data/verification_records/daily_replay/2023-01-03_rebound_top3
已保存 6/727 2023-01-05: 候选 17 只，Top3 可验证 -> a_stock_data/verification_records/daily_replay/2023-01-05_rebound_top3
已保存 7/727 2023-01-11: 候选 21 只，Top3 可验证 -> a_stock_data/verification_records/daily_replay/2023-01-11_rebound_top3
已保存 8/727 2023-01-13: 候选 29 只，Top3 可验证 -> a_stock_data/verification_records/daily_replay/2023-01-13_rebound_top3
已保存 9/727 2023-01-12: 候选 23 只，Top3 可验证 -> a_stock_data/verification_records/daily_replay/2023-01-12_rebound_top3
已保存 10/727 2023-01-16: 候选 28 只，Top3 可验证 -> a_stock_data/verification_records/daily_replay/2023-01-16_rebound_top3
已保存 11/727 2023-01-17: 候选 34 只，Top3 可验证 -> a_stock_data/verification_records/daily_replay/2023-01-17_rebound_top3
已保存 12/727 2023-01-18: 候选 34 只，Top3 可验证 -> a_stock_data/verification_records/daily_replay/2023-01-18_rebound_top3
已保存 13/727 2023-01-20: 候选 31 只，Top3 可验证 -> a_stock_data/verification_records/daily_replay/2023-01-20_rebound_top3
已保存 14/727 2023-01-19: 候选 31 只，Top3 可验证 -> a_stock_data/verification_records/daily_replay/2023-01-19_rebound_top3
已保存 15/727 2023-01-30: 候选 21 只，Top3 可验证 -> a_stock_data/verification_records/daily_replay/2023-01-30_rebound_top3
已保存 16/727 2023-02-01: 候选 15 只，Top3 可验证 -> a_stock_data/verification_records/daily_replay/2023-02-01_rebound_top3
已保存 17/727 2023-01-31: 候选 21 只，Top3 可验证 -> a_stock_data/verification_records/daily_replay/2023-01-31_rebound_top3
已保存 18/727 2023-02-02: 候选 10 只，Top3 可验证 -> a_stock_data/verification_records/daily_replay/2023-02-02_rebound_top3
已保存 19/727 2023-02-03: 候选 17 只，Top3 可验证 -> a_stock_data/verification_records/daily_replay/2023-02-03_rebound_top3
已保存 20/727 2023-02-06: 候选 18 只，Top3 可验证 -> a_stock_data/verification_records/daily_replay/2023-02-06_rebound_top3
已保存 21/727 2023-02-07: 候选 17 只，Top3 可验证 -> a_stock_data/verification_records/daily_replay/2023-02-07_rebound_top3
已保存 22/727 2023-02-09: 候选 18 只，Top3 可验证 -> a_stock_data/verification_records/daily_replay/2023-02-09_rebound_top3
已保存 23/727 2023-02-08: 候选 19 只，Top3 可验证 -> a_stock_data/verification_records/daily_replay/2023-02-08_rebound_top3
已保存 24/727 2023-02-10: 候选 13 只，Top3 可验证 -> a_stock_data/verification_records/daily_replay/2023-02-10_rebound_top3
已保存 25/727 2023-02-13: 候选 11 只，Top3 可验证 -> a_stock_data/verification_records/daily_replay/2023-02-13_rebound_top3
已保存 26/727 2023-02-14: 候选 8 只，Top3 可验证 -> a_stock_data/verification_records/daily_replay/2023-02-14_rebound_top3
已保存 27/727 2023-02-16: 候选 17 只，Top3 可验证 -> a_stock_data/verification_records/daily_replay/2023-02-16_rebound_top3
已保存 28/727 2023-02-15: 候选 10 只，Top3 可验证 -> a_stock_data/verification_records/daily_replay/2023-02-15_rebound_top3
已保存 29/727 2023-02-17: 候选 14 只，Top3 可验证 -> a_stock_data/verification_records/daily_replay/2023-02-17_rebound_top3
已保存 30/727 2023-02-20: 候选 9 只，Top3 可验证 -> a_stock_data/verification_records/daily_replay/2023-02-20_rebound_top3
已保存 31/727 2023-02-22: 候选 10 只，Top3 可验证 -> a_stock_data/verification_records/daily_replay/2023-02-22_rebound_top3
已保存 32/727 2023-02-21: 候选 7 只，Top3 可验证 -> a_stock_data/verification_records/daily_replay/2023-02-21_rebound_top3
已保存 33/727 2023-02-23: 候选 8 只，Top3 可验证 -> a_stock_data/verification_records/daily_replay/2023-02-23_rebound_top3
已保存 34/727 2023-02-24: 候选 10 只，Top3 可验证 -> a_stock_data/verification_records/daily_replay/2023-02-24_rebound_top3
已保存 35/727 2023-02-27: 候选 10 只，Top3 可验证 -> a_stock_data/verification_records/daily_replay/2023-02-27_rebound_top3
已保存 36/727 2023-02-28: 候选 8 只，Top3 可验证 -> a_stock_data/verification_records/daily_replay/2023-02-28_rebound_top3
已保存 37/727 2023-03-01: 候选 7 只，Top3 可验证 -> a_stock_data/verification_records/daily_replay/2023-03-01_rebound_top3
已保存 38/727 2023-03-02: 候选 8 只，Top3 可验证 -> a_stock_data/verification_records/daily_replay/2023-03-02_rebound_top3
已保存 39/727 2023-03-03: 候选 7 只，Top3 可验证 -> a_stock_data/verification_records/daily_replay/2023-03-03_rebound_top3
已保存 40/727 2023-03-06: 候选 5 只，Top3 可验证 -> a_stock_data/verification_records/daily_replay/2023-03-06_rebound_top3
已保存 41/727 2023-03-08: 候选 14 只，Top3 可验证 -> a_stock_data/verification_records/daily_replay/2023-03-08_rebound_top3
已保存 42/727 2023-03-07: 候选 15 只，Top3 可验证 -> a_stock_data/verification_records/daily_replay/2023-03-07_rebound_top3
已保存 43/727 2023-03-09: 候选 16 只，Top3 可验证 -> a_stock_data/verification_records/daily_replay/2023-03-09_rebound_top3
已保存 44/727 2023-03-13: 候选 23 只，Top3 可验证 -> a_stock_data/verification_records/daily_replay/2023-03-13_rebound_top3
已保存 45/727 2023-03-10: 候选 20 只，Top3 可验证 -> a_stock_data/verification_records/daily_replay/2023-03-10_rebound_top3
已保存 46/727 2023-03-15: 候选 32 只，Top3 可验证 -> a_stock_data/verification_records/daily_replay/2023-03-15_rebound_top3
已保存 47/727 2023-03-14: 候选 33 只，Top3 可验证 -> a_stock_data/verification_records/daily_replay/2023-03-14_rebound_top3
已保存 48/727 2023-03-16: 候选 37 只，Top3 可验证 -> a_stock_data/verification_records/daily_replay/2023-03-16_rebound_top3
已保存 49/727 2023-03-17: 候选 40 只，Top3 可验证 -> a_stock_data/verification_records/daily_replay/2023-03-17_rebound_top3
已保存 50/727 2023-03-20: 候选 45 只，Top3 可验证 -> a_stock_data/verification_records/daily_replay/2023-03-20_rebound_top3
已保存 51/727 2023-03-21: 候选 18 只，Top3 可验证 -> a_stock_data/verification_records/daily_replay/2023-03-21_rebound_top3
已保存 52/727 2023-03-22: 候选 23 只，Top3 可验证 -> a_stock_data/verification_records/daily_replay/2023-03-22_rebound_top3
已保存 53/727 2023-03-23: 候选 24 只，Top3 可验证 -> a_stock_data/verification_records/daily_replay/2023-03-23_rebound_top3
已保存 54/727 2023-03-24: 候选 21 只，Top3 可验证 -> a_stock_data/verification_records/daily_replay/2023-03-24_rebound_top3
已保存 55/727 2023-03-27: 候选 22 只，Top3 可验证 -> a_stock_data/verification_records/daily_replay/2023-03-27_rebound_top3
已保存 56/727 2023-03-28: 候选 31 只，Top3 可验证 -> a_stock_data/verification_records/daily_replay/2023-03-28_rebound_top3
已保存 57/727 2023-03-30: 候选 36 只，Top3 可验证 -> a_stock_data/verification_records/daily_replay/2023-03-30_rebound_top3
已保存 58/727 2023-03-29: 候选 31 只，Top3 可验证 -> a_stock_data/verification_records/daily_replay/2023-03-29_rebound_top3
已保存 59/727 2023-03-31: 候选 30 只，Top3 可验证 -> a_stock_data/verification_records/daily_replay/2023-03-31_rebound_top3
已保存 60/727 2023-04-03: 候选 29 只，Top3 可验证 -> a_stock_data/verification_records/daily_replay/2023-04-03_rebound_top3
已保存 61/727 2023-04-04: 候选 31 只，Top3 可验证 -> a_stock_data/verification_records/daily_replay/2023-04-04_rebound_top3
已保存 62/727 2023-04-06: 候选 32 只，Top3 可验证 -> a_stock_data/verification_records/daily_replay/2023-04-06_rebound_top3
已保存 63/727 2023-04-07: 候选 27 只，Top3 可验证 -> a_stock_data/verification_records/daily_replay/2023-04-07_rebound_top3
已保存 64/727 2023-04-10: 候选 25 只，Top3 可验证 -> a_stock_data/verification_records/daily_replay/2023-04-10_rebound_top3
已保存 65/727 2023-04-11: 候选 32 只，Top3 可验证 -> a_stock_data/verification_records/daily_replay/2023-04-11_rebound_top3
已保存 66/727 2023-04-12: 候选 33 只，Top3 可验证 -> a_stock_data/verification_records/daily_replay/2023-04-12_rebound_top3
已保存 67/727 2023-04-13: 候选 34 只，Top3 可验证 -> a_stock_data/verification_records/daily_replay/2023-04-13_rebound_top3
已保存 68/727 2023-04-14: 候选 32 只，Top3 可验证 -> a_stock_data/verification_records/daily_replay/2023-04-14_rebound_top3
已保存 69/727 2023-04-17: 候选 31 只，Top3 可验证 -> a_stock_data/verification_records/daily_replay/2023-04-17_rebound_top3
已保存 70/727 2023-04-18: 候选 32 只，Top3 可验证 -> a_stock_data/verification_records/daily_replay/2023-04-18_rebound_top3
已保存 71/727 2023-04-19: 候选 41 只，Top3 可验证 -> a_stock_data/verification_records/daily_replay/2023-04-19_rebound_top3
已保存 72/727 2023-04-20: 候选 60 只，Top3 可验证 -> a_stock_data/verification_records/daily_replay/2023-04-20_rebound_top3
已保存 73/727 2023-04-21: 候选 77 只，Top3 可验证 -> a_stock_data/verification_records/daily_replay/2023-04-21_rebound_top3
已保存 74/727 2023-04-24: 候选 87 只，Top3 可验证 -> a_stock_data/verification_records/daily_replay/2023-04-24_rebound_top3
已保存 75/727 2023-04-25: 候选 150 只，Top3 可验证 -> a_stock_data/verification_records/daily_replay/2023-04-25_rebound_top3
已保存 76/727 2023-04-26: 候选 149 只，Top3 可验证 -> a_stock_data/verification_records/daily_replay/2023-04-26_rebound_top3
已保存 77/727 2023-04-27: 候选 152 只，Top3 可验证 -> a_stock_data/verification_records/daily_replay/2023-04-27_rebound_top3
已保存 78/727 2023-04-28: 候选 74 只，Top3 可验证 -> a_stock_data/verification_records/daily_replay/2023-04-28_rebound_top3
已保存 79/727 2023-05-04: 候选 89 只，Top3 可验证 -> a_stock_data/verification_records/daily_replay/2023-05-04_rebound_top3
已保存 80/727 2023-05-05: 候选 109 只，Top3 可验证 -> a_stock_data/verification_records/daily_replay/2023-05-05_rebound_top3
已保存 81/727 2023-05-08: 候选 100 只，Top3 可验证 -> a_stock_data/verification_records/daily_replay/2023-05-08_rebound_top3
已保存 82/727 2023-05-10: 候选 107 只，Top3 可验证 -> a_stock_data/verification_records/daily_replay/2023-05-10_rebound_top3
已保存 83/727 2023-05-09: 候选 115 只，Top3 可验证 -> a_stock_data/verification_records/daily_replay/2023-05-09_rebound_top3
已保存 84/727 2023-05-11: 候选 91 只，Top3 可验证 -> a_stock_data/verification_records/daily_replay/2023-05-11_rebound_top3
已保存 85/727 2023-05-12: 候选 113 只，Top3 可验证 -> a_stock_data/verification_records/daily_replay/2023-05-12_rebound_top3
已保存 86/727 2023-05-15: 候选 100 只，Top3 可验证 -> a_stock_data/verification_records/daily_replay/2023-05-15_rebound_top3
已保存 87/727 2023-05-17: 候选 82 只，Top3 可验证 -> a_stock_data/verification_records/daily_replay/2023-05-17_rebound_top3
已保存 88/727 2023-05-16: 候选 98 只，Top3 可验证 -> a_stock_data/verification_records/daily_replay/2023-05-16_rebound_top3
已保存 89/727 2023-05-18: 候选 75 只，Top3 可验证 -> a_stock_data/verification_records/daily_replay/2023-05-18_rebound_top3
已保存 90/727 2023-05-19: 候选 64 只，Top3 可验证 -> a_stock_data/verification_records/daily_replay/2023-05-19_rebound_top3
已保存 91/727 2023-05-22: 候选 59 只，Top3 可验证 -> a_stock_data/verification_records/daily_replay/2023-05-22_rebound_top3
已保存 92/727 2023-05-23: 候选 65 只，Top3 可验证 -> a_stock_data/verification_records/daily_replay/2023-05-23_rebound_top3
已保存 93/727 2023-05-24: 候选 66 只，Top3 可验证 -> a_stock_data/verification_records/daily_replay/2023-05-24_rebound_top3
已保存 94/727 2023-05-25: 候选 75 只，Top3 可验证 -> a_stock_data/verification_records/daily_replay/2023-05-25_rebound_top3
已保存 95/727 2023-05-26: 候选 71 只，Top3 可验证 -> a_stock_data/verification_records/daily_replay/2023-05-26_rebound_top3
已保存 96/727 2023-05-29: 候选 89 只，Top3 可验证 -> a_stock_data/verification_records/daily_replay/2023-05-29_rebound_top3
已保存 97/727 2023-05-30: 候选 84 只，Top3 可验证 -> a_stock_data/verification_records/daily_replay/2023-05-30_rebound_top3
已保存 98/727 2023-05-31: 候选 78 只，Top3 可验证 -> a_stock_data/verification_records/daily_replay/2023-05-31_rebound_top3
已保存 99/727 2023-06-01: 候选 71 只，Top3 可验证 -> a_stock_data/verification_records/daily_replay/2023-06-01_rebound_top3
已保存 100/727 2023-06-02: 候选 53 只，Top3 可验证 -> a_stock_data/verification_records/daily_replay/2023-06-02_rebound_top3
已保存 101/727 2023-06-05: 候选 62 只，Top3 可验证 -> a_stock_data/verification_records/daily_replay/2023-06-05_rebound_top3
已保存 102/727 2023-06-06: 候选 83 只，Top3 可验证 -> a_stock_data/verification_records/daily_replay/2023-06-06_rebound_top3
已保存 103/727 2023-06-07: 候选 81 只，Top3 可验证 -> a_stock_data/verification_records/daily_replay/2023-06-07_rebound_top3
已保存 104/727 2023-06-08: 候选 76 只，Top3 可验证 -> a_stock_data/verification_records/daily_replay/2023-06-08_rebound_top3
已保存 105/727 2023-06-09: 候选 69 只，Top3 可验证 -> a_stock_data/verification_records/daily_replay/2023-06-09_rebound_top3
已保存 106/727 2023-06-12: 候选 64 只，Top3 可验证 -> a_stock_data/verification_records/daily_replay/2023-06-12_rebound_top3
已保存 107/727 2023-06-13: 候选 59 只，Top3 可验证 -> a_stock_data/verification_records/daily_replay/2023-06-13_rebound_top3
已保存 108/727 2023-06-14: 候选 61 只，Top3 可验证 -> a_stock_data/verification_records/daily_replay/2023-06-14_rebound_top3
已保存 109/727 2023-06-15: 候选 52 只，Top3 可验证 -> a_stock_data/verification_records/daily_replay/2023-06-15_rebound_top3
已保存 110/727 2023-06-19: 候选 49 只，Top3 可验证 -> a_stock_data/verification_records/daily_replay/2023-06-19_rebound_top3
已保存 111/727 2023-06-16: 候选 49 只，Top3 可验证 -> a_stock_data/verification_records/daily_replay/2023-06-16_rebound_top3
已保存 112/727 2023-06-20: 候选 60 只，Top3 可验证 -> a_stock_data/verification_records/daily_replay/2023-06-20_rebound_top3
已保存 113/727 2023-06-21: 候选 69 只，Top3 可验证 -> a_stock_data/verification_records/daily_replay/2023-06-21_rebound_top3
已保存 114/727 2023-06-26: 候选 77 只，Top3 可验证 -> a_stock_data/verification_records/daily_replay/2023-06-26_rebound_top3
已保存 115/727 2023-06-27: 候选 69 只，Top3 可验证 -> a_stock_data/verification_records/daily_replay/2023-06-27_rebound_top3
已保存 116/727 2023-06-28: 候选 82 只，Top3 可验证 -> a_stock_data/verification_records/daily_replay/2023-06-28_rebound_top3
已保存 117/727 2023-06-29: 候选 67 只，Top3 可验证 -> a_stock_data/verification_records/daily_replay/2023-06-29_rebound_top3
已保存 118/727 2023-06-30: 候选 44 只，Top3 可验证 -> a_stock_data/verification_records/daily_replay/2023-06-30_rebound_top3
已保存 119/727 2023-07-03: 候选 29 只，Top3 可验证 -> a_stock_data/verification_records/daily_replay/2023-07-03_rebound_top3
已保存 120/727 2023-07-04: 候选 32 只，Top3 可验证 -> a_stock_data/verification_records/daily_replay/2023-07-04_rebound_top3
已保存 121/727 2023-07-05: 候选 41 只，Top3 可验证 -> a_stock_data/verification_records/daily_replay/2023-07-05_rebound_top3
已保存 122/727 2023-07-06: 候选 39 只，Top3 可验证 -> a_stock_data/verification_records/daily_replay/2023-07-06_rebound_top3
已保存 123/727 2023-07-07: 候选 43 只，Top3 可验证 -> a_stock_data/verification_records/daily_replay/2023-07-07_rebound_top3
已保存 124/727 2023-07-10: 候选 39 只，Top3 可验证 -> a_stock_data/verification_records/daily_replay/2023-07-10_rebound_top3
已保存 125/727 2023-07-11: 候选 39 只，Top3 可验证 -> a_stock_data/verification_records/daily_replay/2023-07-11_rebound_top3
已保存 126/727 2023-07-12: 候选 44 只，Top3 可验证 -> a_stock_data/verification_records/daily_replay/2023-07-12_rebound_top3
已保存 127/727 2023-07-13: 候选 34 只，Top3 可验证 -> a_stock_data/verification_records/daily_replay/2023-07-13_rebound_top3
已保存 128/727 2023-07-14: 候选 30 只，Top3 可验证 -> a_stock_data/verification_records/daily_replay/2023-07-14_rebound_top3
已保存 129/727 2023-07-17: 候选 31 只，Top3 可验证 -> a_stock_data/verification_records/daily_replay/2023-07-17_rebound_top3
已保存 130/727 2023-07-18: 候选 37 只，Top3 可验证 -> a_stock_data/verification_records/daily_replay/2023-07-18_rebound_top3
已保存 131/727 2023-07-19: 候选 44 只，Top3 可验证 -> a_stock_data/verification_records/daily_replay/2023-07-19_rebound_top3
已保存 132/727 2023-07-20: 候选 40 只，Top3 可验证 -> a_stock_data/verification_records/daily_replay/2023-07-20_rebound_top3
已保存 133/727 2023-07-24: 候选 51 只，Top3 可验证 -> a_stock_data/verification_records/daily_replay/2023-07-24_rebound_top3
已保存 134/727 2023-07-21: 候选 48 只，Top3 可验证 -> a_stock_data/verification_records/daily_replay/2023-07-21_rebound_top3
已保存 135/727 2023-07-25: 候选 36 只，Top3 可验证 -> a_stock_data/verification_records/daily_replay/2023-07-25_rebound_top3
已保存 136/727 2023-07-26: 候选 52 只，Top3 可验证 -> a_stock_data/verification_records/daily_replay/2023-07-26_rebound_top3
已保存 137/727 2023-07-27: 候选 53 只，Top3 可验证 -> a_stock_data/verification_records/daily_replay/2023-07-27_rebound_top3
已保存 138/727 2023-07-28: 候选 48 只，Top3 可验证 -> a_stock_data/verification_records/daily_replay/2023-07-28_rebound_top3
已保存 139/727 2023-08-01: 候选 38 只，Top3 可验证 -> a_stock_data/verification_records/daily_replay/2023-08-01_rebound_top3
已保存 140/727 2023-07-31: 候选 45 只，Top3 可验证 -> a_stock_data/verification_records/daily_replay/2023-07-31_rebound_top3
已保存 141/727 2023-08-02: 候选 42 只，Top3 可验证 -> a_stock_data/verification_records/daily_replay/2023-08-02_rebound_top3
已保存 142/727 2023-08-03: 候选 40 只，Top3 可验证 -> a_stock_data/verification_records/daily_replay/2023-08-03_rebound_top3
已保存 143/727 2023-08-04: 候选 35 只，Top3 可验证 -> a_stock_data/verification_records/daily_replay/2023-08-04_rebound_top3
已保存 144/727 2023-08-07: 候选 44 只，Top3 可验证 -> a_stock_data/verification_records/daily_replay/2023-08-07_rebound_top3
已保存 145/727 2023-08-08: 候选 48 只，Top3 可验证 -> a_stock_data/verification_records/daily_replay/2023-08-08_rebound_top3
已保存 146/727 2023-08-09: 候选 51 只，Top3 可验证 -> a_stock_data/verification_records/daily_replay/2023-08-09_rebound_top3
已保存 147/727 2023-08-11: 候选 53 只，Top3 可验证 -> a_stock_data/verification_records/daily_replay/2023-08-11_rebound_top3
已保存 148/727 2023-08-10: 候选 48 只，Top3 可验证 -> a_stock_data/verification_records/daily_replay/2023-08-10_rebound_top3
已保存 149/727 2023-08-14: 候选 52 只，Top3 可验证 -> a_stock_data/verification_records/daily_replay/2023-08-14_rebound_top3
已保存 150/727 2023-08-15: 候选 56 只，Top3 可验证 -> a_stock_data/verification_records/daily_replay/2023-08-15_rebound_top3
已保存 151/727 2023-08-16: 候选 65 只，Top3 可验证 -> a_stock_data/verification_records/daily_replay/2023-08-16_rebound_top3
已保存 152/727 2023-08-17: 候选 57 只，Top3 可验证 -> a_stock_data/verification_records/daily_replay/2023-08-17_rebound_top3
已保存 153/727 2023-08-18: 候选 70 只，Top3 可验证 -> a_stock_data/verification_records/daily_replay/2023-08-18_rebound_top3
已保存 154/727 2023-08-21: 候选 81 只，Top3 可验证 -> a_stock_data/verification_records/daily_replay/2023-08-21_rebound_top3
已保存 155/727 2023-08-22: 候选 93 只，Top3 可验证 -> a_stock_data/verification_records/daily_replay/2023-08-22_rebound_top3
已保存 156/727 2023-08-23: 候选 107 只，Top3 可验证 -> a_stock_data/verification_records/daily_replay/2023-08-23_rebound_top3
已保存 157/727 2023-08-24: 候选 106 只，Top3 可验证 -> a_stock_data/verification_records/daily_replay/2023-08-24_rebound_top3
已保存 158/727 2023-08-28: 候选 135 只，Top3 可验证 -> a_stock_data/verification_records/daily_replay/2023-08-28_rebound_top3
已保存 159/727 2023-08-25: 候选 132 只，Top3 可验证 -> a_stock_data/verification_records/daily_replay/2023-08-25_rebound_top3
已保存 160/727 2023-08-29: 候选 34 只，Top3 可验证 -> a_stock_data/verification_records/daily_replay/2023-08-29_rebound_top3
已保存 161/727 2023-08-30: 候选 23 只，Top3 可验证 -> a_stock_data/verification_records/daily_replay/2023-08-30_rebound_top3
已保存 162/727 2023-08-31: 候选 33 只，Top3 可验证 -> a_stock_data/verification_records/daily_replay/2023-08-31_rebound_top3
已保存 163/727 2023-09-05: 候选 28 只，Top3 可验证 -> a_stock_data/verification_records/daily_replay/2023-09-05_rebound_top3
已保存 164/727 2023-09-01: 候选 32 只，Top3 可验证 -> a_stock_data/verification_records/daily_replay/2023-09-01_rebound_top3
已保存 165/727 2023-09-04: 候选 19 只，Top3 可验证 -> a_stock_data/verification_records/daily_replay/2023-09-04_rebound_top3
已保存 166/727 2023-09-06: 候选 26 只，Top3 可验证 -> a_stock_data/verification_records/daily_replay/2023-09-06_rebound_top3
已保存 167/727 2023-09-08: 候选 39 只，Top3 可验证 -> a_stock_data/verification_records/daily_replay/2023-09-08_rebound_top3
已保存 168/727 2023-09-07: 候选 41 只，Top3 可验证 -> a_stock_data/verification_records/daily_replay/2023-09-07_rebound_top3
已保存 169/727 2023-09-13: 候选 35 只，Top3 可验证 -> a_stock_data/verification_records/daily_replay/2023-09-13_rebound_top3
已保存 170/727 2023-09-11: 候选 29 只，Top3 可验证 -> a_stock_data/verification_records/daily_replay/2023-09-11_rebound_top3
已保存 171/727 2023-09-12: 候选 24 只，Top3 可验证 -> a_stock_data/verification_records/daily_replay/2023-09-12_rebound_top3
已保存 172/727 2023-09-14: 候选 36 只，Top3 可验证 -> a_stock_data/verification_records/daily_replay/2023-09-14_rebound_top3
已保存 173/727 2023-09-15: 候选 36 只，Top3 可验证 -> a_stock_data/verification_records/daily_replay/2023-09-15_rebound_top3
已保存 174/727 2023-09-18: 候选 30 只，Top3 可验证 -> a_stock_data/verification_records/daily_replay/2023-09-18_rebound_top3
已保存 175/727 2023-09-19: 候选 37 只，Top3 可验证 -> a_stock_data/verification_records/daily_replay/2023-09-19_rebound_top3
已保存 176/727 2023-09-20: 候选 43 只，Top3 可验证 -> a_stock_data/verification_records/daily_replay/2023-09-20_rebound_top3
已保存 177/727 2023-09-21: 候选 48 只，Top3 可验证 -> a_stock_data/verification_records/daily_replay/2023-09-21_rebound_top3
已保存 178/727 2023-09-22: 候选 31 只，Top3 可验证 -> a_stock_data/verification_records/daily_replay/2023-09-22_rebound_top3
已保存 179/727 2023-09-25: 候选 33 只，Top3 可验证 -> a_stock_data/verification_records/daily_replay/2023-09-25_rebound_top3
已保存 180/727 2023-09-26: 候选 34 只，Top3 可验证 -> a_stock_data/verification_records/daily_replay/2023-09-26_rebound_top3
已保存 181/727 2023-09-27: 候选 28 只，Top3 可验证 -> a_stock_data/verification_records/daily_replay/2023-09-27_rebound_top3
已保存 182/727 2023-09-28: 候选 21 只，Top3 可验证 -> a_stock_data/verification_records/daily_replay/2023-09-28_rebound_top3
已保存 183/727 2023-10-09: 候选 28 只，Top3 可验证 -> a_stock_data/verification_records/daily_replay/2023-10-09_rebound_top3
已保存 184/727 2023-10-10: 候选 34 只，Top3 可验证 -> a_stock_data/verification_records/daily_replay/2023-10-10_rebound_top3
已保存 185/727 2023-10-11: 候选 34 只，Top3 可验证 -> a_stock_data/verification_records/daily_replay/2023-10-11_rebound_top3
已保存 186/727 2023-10-12: 候选 35 只，Top3 可验证 -> a_stock_data/verification_records/daily_replay/2023-10-12_rebound_top3
已保存 187/727 2023-10-16: 候选 51 只，Top3 可验证 -> a_stock_data/verification_records/daily_replay/2023-10-16_rebound_top3
已保存 188/727 2023-10-17: 候选 50 只，Top3 可验证 -> a_stock_data/verification_records/daily_replay/2023-10-17_rebound_top3
已保存 189/727 2023-10-13: 候选 37 只，Top3 可验证 -> a_stock_data/verification_records/daily_replay/2023-10-13_rebound_top3
已保存 190/727 2023-10-18: 候选 60 只，Top3 可验证 -> a_stock_data/verification_records/daily_replay/2023-10-18_rebound_top3
已保存 191/727 2023-10-19: 候选 66 只，Top3 可验证 -> a_stock_data/verification_records/daily_replay/2023-10-19_rebound_top3
已保存 192/727 2023-10-20: 候选 76 只，Top3 可验证 -> a_stock_data/verification_records/daily_replay/2023-10-20_rebound_top3
已保存 193/727 2023-10-23: 候选 120 只，Top3 可验证 -> a_stock_data/verification_records/daily_replay/2023-10-23_rebound_top3
已保存 194/727 2023-10-25: 候选 63 只，Top3 可验证 -> a_stock_data/verification_records/daily_replay/2023-10-25_rebound_top3
已保存 195/727 2023-10-24: 候选 112 只，Top3 可验证 -> a_stock_data/verification_records/daily_replay/2023-10-24_rebound_top3
已保存 196/727 2023-10-26: 候选 64 只，Top3 可验证 -> a_stock_data/verification_records/daily_replay/2023-10-26_rebound_top3
已保存 197/727 2023-10-27: 候选 40 只，Top3 可验证 -> a_stock_data/verification_records/daily_replay/2023-10-27_rebound_top3
已保存 198/727 2023-10-30: 候选 32 只，Top3 可验证 -> a_stock_data/verification_records/daily_replay/2023-10-30_rebound_top3
已保存 199/727 2023-10-31: 候选 43 只，Top3 可验证 -> a_stock_data/verification_records/daily_replay/2023-10-31_rebound_top3
已保存 200/727 2023-11-01: 候选 46 只，Top3 可验证 -> a_stock_data/verification_records/daily_replay/2023-11-01_rebound_top3
已保存 201/727 2023-11-02: 候选 58 只，Top3 可验证 -> a_stock_data/verification_records/daily_replay/2023-11-02_rebound_top3
已保存 202/727 2023-11-03: 候选 43 只，Top3 可验证 -> a_stock_data/verification_records/daily_replay/2023-11-03_rebound_top3
已保存 203/727 2023-11-06: 候选 15 只，Top3 可验证 -> a_stock_data/verification_records/daily_replay/2023-11-06_rebound_top3
已保存 204/727 2023-11-07: 候选 16 只，Top3 可验证 -> a_stock_data/verification_records/daily_replay/2023-11-07_rebound_top3
已保存 205/727 2023-11-08: 候选 20 只，Top3 可验证 -> a_stock_data/verification_records/daily_replay/2023-11-08_rebound_top3
已保存 206/727 2023-11-09: 候选 19 只，Top3 可验证 -> a_stock_data/verification_records/daily_replay/2023-11-09_rebound_top3
已保存 207/727 2023-11-10: 候选 25 只，Top3 可验证 -> a_stock_data/verification_records/daily_replay/2023-11-10_rebound_top3
已保存 208/727 2023-11-13: 候选 24 只，Top3 可验证 -> a_stock_data/verification_records/daily_replay/2023-11-13_rebound_top3
已保存 209/727 2023-11-14: 候选 22 只，Top3 可验证 -> a_stock_data/verification_records/daily_replay/2023-11-14_rebound_top3
已保存 210/727 2023-11-15: 候选 15 只，Top3 可验证 -> a_stock_data/verification_records/daily_replay/2023-11-15_rebound_top3
已保存 211/727 2023-11-16: 候选 23 只，Top3 可验证 -> a_stock_data/verification_records/daily_replay/2023-11-16_rebound_top3
已保存 212/727 2023-11-17: 候选 19 只，Top3 可验证 -> a_stock_data/verification_records/daily_replay/2023-11-17_rebound_top3
已保存 213/727 2023-11-20: 候选 15 只，Top3 可验证 -> a_stock_data/verification_records/daily_replay/2023-11-20_rebound_top3
已保存 214/727 2023-11-21: 候选 16 只，Top3 可验证 -> a_stock_data/verification_records/daily_replay/2023-11-21_rebound_top3
已保存 215/727 2023-11-22: 候选 20 只，Top3 可验证 -> a_stock_data/verification_records/daily_replay/2023-11-22_rebound_top3
已保存 216/727 2023-11-23: 候选 14 只，Top3 可验证 -> a_stock_data/verification_records/daily_replay/2023-11-23_rebound_top3
已保存 217/727 2023-11-24: 候选 17 只，Top3 可验证 -> a_stock_data/verification_records/daily_replay/2023-11-24_rebound_top3
已保存 218/727 2023-11-27: 候选 24 只，Top3 可验证 -> a_stock_data/verification_records/daily_replay/2023-11-27_rebound_top3
已保存 219/727 2023-11-28: 候选 19 只，Top3 可验证 -> a_stock_data/verification_records/daily_replay/2023-11-28_rebound_top3
已保存 220/727 2023-11-29: 候选 26 只，Top3 可验证 -> a_stock_data/verification_records/daily_replay/2023-11-29_rebound_top3
已保存 221/727 2023-11-30: 候选 30 只，Top3 可验证 -> a_stock_data/verification_records/daily_replay/2023-11-30_rebound_top3
已保存 222/727 2023-12-01: 候选 18 只，Top3 可验证 -> a_stock_data/verification_records/daily_replay/2023-12-01_rebound_top3
已保存 223/727 2023-12-04: 候选 17 只，Top3 可验证 -> a_stock_data/verification_records/daily_replay/2023-12-04_rebound_top3
已保存 224/727 2023-12-06: 候选 18 只，Top3 可验证 -> a_stock_data/verification_records/daily_replay/2023-12-06_rebound_top3
已保存 225/727 2023-12-07: 候选 18 只，Top3 可验证 -> a_stock_data/verification_records/daily_replay/2023-12-07_rebound_top3
已保存 226/727 2023-12-05: 候选 24 只，Top3 可验证 -> a_stock_data/verification_records/daily_replay/2023-12-05_rebound_top3
已保存 227/727 2023-12-11: 候选 27 只，Top3 可验证 -> a_stock_data/verification_records/daily_replay/2023-12-11_rebound_top3
已保存 228/727 2023-12-08: 候选 21 只，Top3 可验证 -> a_stock_data/verification_records/daily_replay/2023-12-08_rebound_top3
已保存 229/727 2023-12-12: 候选 21 只，Top3 可验证 -> a_stock_data/verification_records/daily_replay/2023-12-12_rebound_top3
已保存 230/727 2023-12-14: 候选 32 只，Top3 可验证 -> a_stock_data/verification_records/daily_replay/2023-12-14_rebound_top3
已保存 231/727 2023-12-13: 候选 31 只，Top3 可验证 -> a_stock_data/verification_records/daily_replay/2023-12-13_rebound_top3
已保存 232/727 2023-12-15: 候选 32 只，Top3 可验证 -> a_stock_data/verification_records/daily_replay/2023-12-15_rebound_top3
已保存 233/727 2023-12-18: 候选 45 只，Top3 可验证 -> a_stock_data/verification_records/daily_replay/2023-12-18_rebound_top3
已保存 234/727 2023-12-19: 候选 46 只，Top3 可验证 -> a_stock_data/verification_records/daily_replay/2023-12-19_rebound_top3
已保存 235/727 2023-12-20: 候选 53 只，Top3 可验证 -> a_stock_data/verification_records/daily_replay/2023-12-20_rebound_top3
已保存 236/727 2023-12-21: 候选 71 只，Top3 可验证 -> a_stock_data/verification_records/daily_replay/2023-12-21_rebound_top3
已保存 237/727 2023-12-25: 候选 83 只，Top3 可验证 -> a_stock_data/verification_records/daily_replay/2023-12-25_rebound_top3
已保存 238/727 2023-12-22: 候选 73 只，Top3 可验证 -> a_stock_data/verification_records/daily_replay/2023-12-22_rebound_top3
已保存 239/727 2023-12-26: 候选 98 只，Top3 可验证 -> a_stock_data/verification_records/daily_replay/2023-12-26_rebound_top3
已保存 240/727 2023-12-27: 候选 95 只，Top3 可验证 -> a_stock_data/verification_records/daily_replay/2023-12-27_rebound_top3
已保存 241/727 2023-12-28: 候选 68 只，Top3 可验证 -> a_stock_data/verification_records/daily_replay/2023-12-28_rebound_top3
已保存 242/727 2023-12-29: 候选 32 只，Top3 可验证 -> a_stock_data/verification_records/daily_replay/2023-12-29_rebound_top3
已保存 243/727 2024-01-02: 候选 45 只，Top3 可验证 -> a_stock_data/verification_records/daily_replay/2024-01-02_rebound_top3
已保存 244/727 2024-01-03: 候选 50 只，Top3 可验证 -> a_stock_data/verification_records/daily_replay/2024-01-03_rebound_top3
已保存 245/727 2024-01-04: 候选 51 只，Top3 可验证 -> a_stock_data/verification_records/daily_replay/2024-01-04_rebound_top3
已保存 246/727 2024-01-05: 候选 67 只，Top3 可验证 -> a_stock_data/verification_records/daily_replay/2024-01-05_rebound_top3
已保存 247/727 2024-01-08: 候选 78 只，Top3 可验证 -> a_stock_data/verification_records/daily_replay/2024-01-08_rebound_top3
已保存 248/727 2024-01-09: 候选 83 只，Top3 可验证 -> a_stock_data/verification_records/daily_replay/2024-01-09_rebound_top3
已保存 249/727 2024-01-10: 候选 93 只，Top3 可验证 -> a_stock_data/verification_records/daily_replay/2024-01-10_rebound_top3
已保存 250/727 2024-01-11: 候选 78 只，Top3 可验证 -> a_stock_data/verification_records/daily_replay/2024-01-11_rebound_top3
已保存 251/727 2024-01-12: 候选 83 只，Top3 可验证 -> a_stock_data/verification_records/daily_replay/2024-01-12_rebound_top3
已保存 252/727 2024-01-15: 候选 82 只，Top3 可验证 -> a_stock_data/verification_records/daily_replay/2024-01-15_rebound_top3
已保存 253/727 2024-01-17: 候选 98 只，Top3 可验证 -> a_stock_data/verification_records/daily_replay/2024-01-17_rebound_top3
已保存 254/727 2024-01-19: 候选 152 只，Top3 可验证 -> a_stock_data/verification_records/daily_replay/2024-01-19_rebound_top3
已保存 255/727 2024-01-18: 候选 142 只，Top3 可验证 -> a_stock_data/verification_records/daily_replay/2024-01-18_rebound_top3
已保存 256/727 2024-01-16: 候选 80 只，Top3 可验证 -> a_stock_data/verification_records/daily_replay/2024-01-16_rebound_top3
已保存 257/727 2024-01-22: 候选 313 只，Top3 可验证 -> a_stock_data/verification_records/daily_replay/2024-01-22_rebound_top3
已保存 258/727 2024-01-23: 候选 360 只，Top3 可验证 -> a_stock_data/verification_records/daily_replay/2024-01-23_rebound_top3
已保存 259/727 2024-01-24: 候选 262 只，Top3 可验证 -> a_stock_data/verification_records/daily_replay/2024-01-24_rebound_top3
已保存 260/727 2024-01-25: 候选 15 只，Top3 可验证 -> a_stock_data/verification_records/daily_replay/2024-01-25_rebound_top3
已保存 261/727 2024-01-26: 候选 83 只，Top3 可验证 -> a_stock_data/verification_records/daily_replay/2024-01-26_rebound_top3
已保存 262/727 2024-01-29: 候选 155 只，Top3 可验证 -> a_stock_data/verification_records/daily_replay/2024-01-29_rebound_top3
已保存 263/727 2024-01-30: 候选 77 只，Top3 可验证 -> a_stock_data/verification_records/daily_replay/2024-01-30_rebound_top3
已保存 264/727 2024-01-31: 候选 74 只，Top3 可验证 -> a_stock_data/verification_records/daily_replay/2024-01-31_rebound_top3
已保存 265/727 2024-02-01: 候选 106 只，Top3 可验证 -> a_stock_data/verification_records/daily_replay/2024-02-01_rebound_top3
已保存 266/727 2024-02-02: 候选 399 只，Top3 可验证 -> a_stock_data/verification_records/daily_replay/2024-02-02_rebound_top3
已保存 267/727 2024-02-06: 候选 29 只，Top3 可验证 -> a_stock_data/verification_records/daily_replay/2024-02-06_rebound_top3
已保存 268/727 2024-02-05: 候选 947 只，Top3 可验证 -> a_stock_data/verification_records/daily_replay/2024-02-05_rebound_top3
已保存 269/727 2024-02-07: 候选 100 只，Top3 可验证 -> a_stock_data/verification_records/daily_replay/2024-02-07_rebound_top3
已保存 270/727 2024-02-08: 候选 1 只，Top1 可验证 -> a_stock_data/verification_records/daily_replay/2024-02-08_rebound_top3
跳过 271/727 2024-02-19: 没有候选
跳过 272/727 2024-02-22: 没有候选
跳过 273/727 2024-02-21: 没有候选
已保存 274/727 2024-02-20: 候选 1 只，Top1 可验证 -> a_stock_data/verification_records/daily_replay/2024-02-20_rebound_top3
跳过 275/727 2024-02-23: 没有候选
跳过 276/727 2024-02-26: 没有候选
跳过 277/727 2024-02-27: 没有候选
已保存 278/727 2024-02-28: 候选 1 只，Top1 可验证 -> a_stock_data/verification_records/daily_replay/2024-02-28_rebound_top3
跳过 279/727 2024-02-29: 没有候选
已保存 280/727 2024-03-01: 候选 2 只，Top2 可验证 -> a_stock_data/verification_records/daily_replay/2024-03-01_rebound_top3
已保存 281/727 2024-03-04: 候选 1 只，Top1 可验证 -> a_stock_data/verification_records/daily_replay/2024-03-04_rebound_top3
已保存 282/727 2024-03-05: 候选 1 只，Top1 可验证 -> a_stock_data/verification_records/daily_replay/2024-03-05_rebound_top3
已保存 283/727 2024-03-06: 候选 1 只，Top1 可验证 -> a_stock_data/verification_records/daily_replay/2024-03-06_rebound_top3
已保存 284/727 2024-03-07: 候选 2 只，Top2 可验证 -> a_stock_data/verification_records/daily_replay/2024-03-07_rebound_top3
已保存 285/727 2024-03-08: 候选 3 只，Top3 可验证 -> a_stock_data/verification_records/daily_replay/2024-03-08_rebound_top3
已保存 286/727 2024-03-12: 候选 2 只，Top2 可验证 -> a_stock_data/verification_records/daily_replay/2024-03-12_rebound_top3
已保存 287/727 2024-03-11: 候选 5 只，Top3 可验证 -> a_stock_data/verification_records/daily_replay/2024-03-11_rebound_top3
已保存 288/727 2024-03-13: 候选 3 只，Top3 可验证 -> a_stock_data/verification_records/daily_replay/2024-03-13_rebound_top3
已保存 289/727 2024-03-15: 候选 4 只，Top3 可验证 -> a_stock_data/verification_records/daily_replay/2024-03-15_rebound_top3
已保存 290/727 2024-03-14: 候选 4 只，Top3 可验证 -> a_stock_data/verification_records/daily_replay/2024-03-14_rebound_top3
已保存 291/727 2024-03-18: 候选 1 只，Top1 可验证 -> a_stock_data/verification_records/daily_replay/2024-03-18_rebound_top3
跳过 292/727 2024-03-20: 没有候选
跳过 293/727 2024-03-19: 没有候选
跳过 294/727 2024-03-21: 没有候选
已保存 295/727 2024-03-22: 候选 2 只，Top2 可验证 -> a_stock_data/verification_records/daily_replay/2024-03-22_rebound_top3
跳过 296/727 2024-03-25: 没有候选
已保存 297/727 2024-03-28: 候选 14 只，Top3 可验证 -> a_stock_data/verification_records/daily_replay/2024-03-28_rebound_top3
已保存 298/727 2024-03-26: 候选 7 只，Top3 可验证 -> a_stock_data/verification_records/daily_replay/2024-03-26_rebound_top3
已保存 299/727 2024-03-27: 候选 24 只，Top3 可验证 -> a_stock_data/verification_records/daily_replay/2024-03-27_rebound_top3
已保存 300/727 2024-03-29: 候选 13 只，Top3 可验证 -> a_stock_data/verification_records/daily_replay/2024-03-29_rebound_top3
已保存 301/727 2024-04-01: 候选 8 只，Top3 可验证 -> a_stock_data/verification_records/daily_replay/2024-04-01_rebound_top3
已保存 302/727 2024-04-08: 候选 35 只，Top3 可验证 -> a_stock_data/verification_records/daily_replay/2024-04-08_rebound_top3
已保存 303/727 2024-04-03: 候选 19 只，Top3 可验证 -> a_stock_data/verification_records/daily_replay/2024-04-03_rebound_top3
已保存 304/727 2024-04-02: 候选 16 只，Top3 可验证 -> a_stock_data/verification_records/daily_replay/2024-04-02_rebound_top3
已保存 305/727 2024-04-09: 候选 33 只，Top3 可验证 -> a_stock_data/verification_records/daily_replay/2024-04-09_rebound_top3
已保存 306/727 2024-04-10: 候选 38 只，Top3 可验证 -> a_stock_data/verification_records/daily_replay/2024-04-10_rebound_top3
已保存 307/727 2024-04-11: 候选 39 只，Top3 可验证 -> a_stock_data/verification_records/daily_replay/2024-04-11_rebound_top3
已保存 308/727 2024-04-15: 候选 120 只，Top3 可验证 -> a_stock_data/verification_records/daily_replay/2024-04-15_rebound_top3
已保存 309/727 2024-04-16: 候选 415 只，Top3 可验证 -> a_stock_data/verification_records/daily_replay/2024-04-16_rebound_top3
已保存 310/727 2024-04-12: 候选 53 只，Top3 可验证 -> a_stock_data/verification_records/daily_replay/2024-04-12_rebound_top3
已保存 311/727 2024-04-17: 候选 27 只，Top3 可验证 -> a_stock_data/verification_records/daily_replay/2024-04-17_rebound_top3
已保存 312/727 2024-04-18: 候选 43 只，Top3 可验证 -> a_stock_data/verification_records/daily_replay/2024-04-18_rebound_top3
已保存 313/727 2024-04-22: 候选 50 只，Top3 可验证 -> a_stock_data/verification_records/daily_replay/2024-04-22_rebound_top3
已保存 314/727 2024-04-19: 候选 94 只，Top3 可验证 -> a_stock_data/verification_records/daily_replay/2024-04-19_rebound_top3
已保存 315/727 2024-04-23: 候选 31 只，Top3 可验证 -> a_stock_data/verification_records/daily_replay/2024-04-23_rebound_top3
已保存 316/727 2024-04-24: 候选 24 只，Top3 可验证 -> a_stock_data/verification_records/daily_replay/2024-04-24_rebound_top3
已保存 317/727 2024-04-25: 候选 21 只，Top3 可验证 -> a_stock_data/verification_records/daily_replay/2024-04-25_rebound_top3
已保存 318/727 2024-04-26: 候选 13 只，Top3 可验证 -> a_stock_data/verification_records/daily_replay/2024-04-26_rebound_top3
已保存 319/727 2024-05-06: 候选 6 只，Top3 可验证 -> a_stock_data/verification_records/daily_replay/2024-05-06_rebound_top3
已保存 320/727 2024-04-30: 候选 7 只，Top3 可验证 -> a_stock_data/verification_records/daily_replay/2024-04-30_rebound_top3
已保存 321/727 2024-04-29: 候选 2 只，Top2 可验证 -> a_stock_data/verification_records/daily_replay/2024-04-29_rebound_top3
已保存 322/727 2024-05-07: 候选 4 只，Top3 可验证 -> a_stock_data/verification_records/daily_replay/2024-05-07_rebound_top3
已保存 323/727 2024-05-08: 候选 4 只，Top3 可验证 -> a_stock_data/verification_records/daily_replay/2024-05-08_rebound_top3
已保存 324/727 2024-05-09: 候选 8 只，Top3 可验证 -> a_stock_data/verification_records/daily_replay/2024-05-09_rebound_top3
已保存 325/727 2024-05-10: 候选 6 只，Top3 可验证 -> a_stock_data/verification_records/daily_replay/2024-05-10_rebound_top3
已保存 326/727 2024-05-13: 候选 8 只，Top3 可验证 -> a_stock_data/verification_records/daily_replay/2024-05-13_rebound_top3
已保存 327/727 2024-05-14: 候选 14 只，Top3 可验证 -> a_stock_data/verification_records/daily_replay/2024-05-14_rebound_top3
已保存 328/727 2024-05-15: 候选 12 只，Top3 可验证 -> a_stock_data/verification_records/daily_replay/2024-05-15_rebound_top3
已保存 329/727 2024-05-16: 候选 12 只，Top3 可验证 -> a_stock_data/verification_records/daily_replay/2024-05-16_rebound_top3
已保存 330/727 2024-05-17: 候选 12 只，Top3 可验证 -> a_stock_data/verification_records/daily_replay/2024-05-17_rebound_top3
已保存 331/727 2024-05-20: 候选 12 只，Top3 可验证 -> a_stock_data/verification_records/daily_replay/2024-05-20_rebound_top3
已保存 332/727 2024-05-21: 候选 19 只，Top3 可验证 -> a_stock_data/verification_records/daily_replay/2024-05-21_rebound_top3
已保存 333/727 2024-05-22: 候选 13 只，Top3 可验证 -> a_stock_data/verification_records/daily_replay/2024-05-22_rebound_top3
已保存 334/727 2024-05-23: 候选 15 只，Top3 可验证 -> a_stock_data/verification_records/daily_replay/2024-05-23_rebound_top3
已保存 335/727 2024-05-24: 候选 17 只，Top3 可验证 -> a_stock_data/verification_records/daily_replay/2024-05-24_rebound_top3
已保存 336/727 2024-05-27: 候选 13 只，Top3 可验证 -> a_stock_data/verification_records/daily_replay/2024-05-27_rebound_top3
已保存 337/727 2024-05-28: 候选 16 只，Top3 可验证 -> a_stock_data/verification_records/daily_replay/2024-05-28_rebound_top3
已保存 338/727 2024-05-29: 候选 19 只，Top3 可验证 -> a_stock_data/verification_records/daily_replay/2024-05-29_rebound_top3
已保存 339/727 2024-05-30: 候选 25 只，Top3 可验证 -> a_stock_data/verification_records/daily_replay/2024-05-30_rebound_top3
已保存 340/727 2024-05-31: 候选 23 只，Top3 可验证 -> a_stock_data/verification_records/daily_replay/2024-05-31_rebound_top3
已保存 341/727 2024-06-03: 候选 42 只，Top3 可验证 -> a_stock_data/verification_records/daily_replay/2024-06-03_rebound_top3
已保存 342/727 2024-06-04: 候选 50 只，Top3 可验证 -> a_stock_data/verification_records/daily_replay/2024-06-04_rebound_top3
已保存 343/727 2024-06-05: 候选 80 只，Top3 可验证 -> a_stock_data/verification_records/daily_replay/2024-06-05_rebound_top3
已保存 344/727 2024-06-06: 候选 218 只，Top3 可验证 -> a_stock_data/verification_records/daily_replay/2024-06-06_rebound_top3
已保存 345/727 2024-06-11: 候选 85 只，Top3 可验证 -> a_stock_data/verification_records/daily_replay/2024-06-11_rebound_top3
已保存 346/727 2024-06-07: 候选 106 只，Top3 可验证 -> a_stock_data/verification_records/daily_replay/2024-06-07_rebound_top3
已保存 347/727 2024-06-12: 候选 31 只，Top3 可验证 -> a_stock_data/verification_records/daily_replay/2024-06-12_rebound_top3
已保存 348/727 2024-06-13: 候选 63 只，Top3 可验证 -> a_stock_data/verification_records/daily_replay/2024-06-13_rebound_top3
已保存 349/727 2024-06-14: 候选 52 只，Top3 可验证 -> a_stock_data/verification_records/daily_replay/2024-06-14_rebound_top3
已保存 350/727 2024-06-18: 候选 55 只，Top3 可验证 -> a_stock_data/verification_records/daily_replay/2024-06-18_rebound_top3
已保存 351/727 2024-06-17: 候选 87 只，Top3 可验证 -> a_stock_data/verification_records/daily_replay/2024-06-17_rebound_top3
已保存 352/727 2024-06-19: 候选 60 只，Top3 可验证 -> a_stock_data/verification_records/daily_replay/2024-06-19_rebound_top3
已保存 353/727 2024-06-20: 候选 95 只，Top3 可验证 -> a_stock_data/verification_records/daily_replay/2024-06-20_rebound_top3
已保存 354/727 2024-06-21: 候选 80 只，Top3 可验证 -> a_stock_data/verification_records/daily_replay/2024-06-21_rebound_top3
已保存 355/727 2024-06-24: 候选 149 只，Top3 可验证 -> a_stock_data/verification_records/daily_replay/2024-06-24_rebound_top3
已保存 356/727 2024-06-25: 候选 154 只，Top3 可验证 -> a_stock_data/verification_records/daily_replay/2024-06-25_rebound_top3
已保存 357/727 2024-06-26: 候选 94 只，Top3 可验证 -> a_stock_data/verification_records/daily_replay/2024-06-26_rebound_top3
已保存 358/727 2024-06-27: 候选 166 只，Top3 可验证 -> a_stock_data/verification_records/daily_replay/2024-06-27_rebound_top3
已保存 359/727 2024-06-28: 候选 162 只，Top3 可验证 -> a_stock_data/verification_records/daily_replay/2024-06-28_rebound_top3
已保存 360/727 2024-07-01: 候选 113 只，Top3 可验证 -> a_stock_data/verification_records/daily_replay/2024-07-01_rebound_top3
已保存 361/727 2024-07-02: 候选 120 只，Top3 可验证 -> a_stock_data/verification_records/daily_replay/2024-07-02_rebound_top3
已保存 362/727 2024-07-03: 候选 134 只，Top3 可验证 -> a_stock_data/verification_records/daily_replay/2024-07-03_rebound_top3
已保存 363/727 2024-07-04: 候选 179 只，Top3 可验证 -> a_stock_data/verification_records/daily_replay/2024-07-04_rebound_top3
已保存 364/727 2024-07-05: 候选 159 只，Top3 可验证 -> a_stock_data/verification_records/daily_replay/2024-07-05_rebound_top3
已保存 365/727 2024-07-08: 候选 212 只，Top3 可验证 -> a_stock_data/verification_records/daily_replay/2024-07-08_rebound_top3
已保存 366/727 2024-07-09: 候选 208 只，Top3 可验证 -> a_stock_data/verification_records/daily_replay/2024-07-09_rebound_top3
已保存 367/727 2024-07-10: 候选 218 只，Top3 可验证 -> a_stock_data/verification_records/daily_replay/2024-07-10_rebound_top3
已保存 368/727 2024-07-11: 候选 60 只，Top3 可验证 -> a_stock_data/verification_records/daily_replay/2024-07-11_rebound_top3
已保存 369/727 2024-07-12: 候选 86 只，Top3 可验证 -> a_stock_data/verification_records/daily_replay/2024-07-12_rebound_top3
已保存 370/727 2024-07-15: 候选 142 只，Top3 可验证 -> a_stock_data/verification_records/daily_replay/2024-07-15_rebound_top3
已保存 371/727 2024-07-16: 候选 147 只，Top3 可验证 -> a_stock_data/verification_records/daily_replay/2024-07-16_rebound_top3
已保存 372/727 2024-07-17: 候选 142 只，Top3 可验证 -> a_stock_data/verification_records/daily_replay/2024-07-17_rebound_top3
已保存 373/727 2024-07-18: 候选 99 只，Top3 可验证 -> a_stock_data/verification_records/daily_replay/2024-07-18_rebound_top3
已保存 374/727 2024-07-19: 候选 95 只，Top3 可验证 -> a_stock_data/verification_records/daily_replay/2024-07-19_rebound_top3
已保存 375/727 2024-07-22: 候选 93 只，Top3 可验证 -> a_stock_data/verification_records/daily_replay/2024-07-22_rebound_top3
已保存 376/727 2024-07-23: 候选 136 只，Top3 可验证 -> a_stock_data/verification_records/daily_replay/2024-07-23_rebound_top3
已保存 377/727 2024-07-24: 候选 123 只，Top3 可验证 -> a_stock_data/verification_records/daily_replay/2024-07-24_rebound_top3
已保存 378/727 2024-07-25: 候选 116 只，Top3 可验证 -> a_stock_data/verification_records/daily_replay/2024-07-25_rebound_top3
已保存 379/727 2024-07-26: 候选 93 只，Top3 可验证 -> a_stock_data/verification_records/daily_replay/2024-07-26_rebound_top3
已保存 380/727 2024-07-29: 候选 92 只，Top3 可验证 -> a_stock_data/verification_records/daily_replay/2024-07-29_rebound_top3
已保存 381/727 2024-07-30: 候选 88 只，Top3 可验证 -> a_stock_data/verification_records/daily_replay/2024-07-30_rebound_top3
已保存 382/727 2024-07-31: 候选 11 只，Top3 可验证 -> a_stock_data/verification_records/daily_replay/2024-07-31_rebound_top3
已保存 383/727 2024-08-01: 候选 26 只，Top3 可验证 -> a_stock_data/verification_records/daily_replay/2024-08-01_rebound_top3
已保存 384/727 2024-08-02: 候选 40 只，Top3 可验证 -> a_stock_data/verification_records/daily_replay/2024-08-02_rebound_top3
已保存 385/727 2024-08-05: 候选 51 只，Top3 可验证 -> a_stock_data/verification_records/daily_replay/2024-08-05_rebound_top3
已保存 386/727 2024-08-06: 候选 26 只，Top3 可验证 -> a_stock_data/verification_records/daily_replay/2024-08-06_rebound_top3
已保存 387/727 2024-08-07: 候选 33 只，Top3 可验证 -> a_stock_data/verification_records/daily_replay/2024-08-07_rebound_top3
已保存 388/727 2024-08-08: 候选 28 只，Top3 可验证 -> a_stock_data/verification_records/daily_replay/2024-08-08_rebound_top3
已保存 389/727 2024-08-09: 候选 39 只，Top3 可验证 -> a_stock_data/verification_records/daily_replay/2024-08-09_rebound_top3
已保存 390/727 2024-08-12: 候选 43 只，Top3 可验证 -> a_stock_data/verification_records/daily_replay/2024-08-12_rebound_top3
已保存 391/727 2024-08-13: 候选 38 只，Top3 可验证 -> a_stock_data/verification_records/daily_replay/2024-08-13_rebound_top3
已保存 392/727 2024-08-14: 候选 49 只，Top3 可验证 -> a_stock_data/verification_records/daily_replay/2024-08-14_rebound_top3
已保存 393/727 2024-08-15: 候选 39 只，Top3 可验证 -> a_stock_data/verification_records/daily_replay/2024-08-15_rebound_top3
已保存 394/727 2024-08-16: 候选 50 只，Top3 可验证 -> a_stock_data/verification_records/daily_replay/2024-08-16_rebound_top3
已保存 395/727 2024-08-20: 候选 59 只，Top3 可验证 -> a_stock_data/verification_records/daily_replay/2024-08-20_rebound_top3
已保存 396/727 2024-08-19: 候选 48 只，Top3 可验证 -> a_stock_data/verification_records/daily_replay/2024-08-19_rebound_top3
已保存 397/727 2024-08-21: 候选 58 只，Top3 可验证 -> a_stock_data/verification_records/daily_replay/2024-08-21_rebound_top3
已保存 398/727 2024-08-22: 候选 65 只，Top3 可验证 -> a_stock_data/verification_records/daily_replay/2024-08-22_rebound_top3
已保存 399/727 2024-08-23: 候选 92 只，Top3 可验证 -> a_stock_data/verification_records/daily_replay/2024-08-23_rebound_top3
已保存 400/727 2024-08-26: 候选 86 只，Top3 可验证 -> a_stock_data/verification_records/daily_replay/2024-08-26_rebound_top3
已保存 401/727 2024-08-27: 候选 96 只，Top3 可验证 -> a_stock_data/verification_records/daily_replay/2024-08-27_rebound_top3
已保存 402/727 2024-08-28: 候选 99 只，Top3 可验证 -> a_stock_data/verification_records/daily_replay/2024-08-28_rebound_top3
已保存 403/727 2024-08-29: 候选 71 只，Top3 可验证 -> a_stock_data/verification_records/daily_replay/2024-08-29_rebound_top3
已保存 404/727 2024-08-30: 候选 35 只，Top3 可验证 -> a_stock_data/verification_records/daily_replay/2024-08-30_rebound_top3
已保存 405/727 2024-09-02: 候选 65 只，Top3 可验证 -> a_stock_data/verification_records/daily_replay/2024-09-02_rebound_top3
已保存 406/727 2024-09-03: 候选 51 只，Top3 可验证 -> a_stock_data/verification_records/daily_replay/2024-09-03_rebound_top3
已保存 407/727 2024-09-04: 候选 62 只，Top3 可验证 -> a_stock_data/verification_records/daily_replay/2024-09-04_rebound_top3
已保存 408/727 2024-09-05: 候选 50 只，Top3 可验证 -> a_stock_data/verification_records/daily_replay/2024-09-05_rebound_top3
已保存 409/727 2024-09-06: 候选 58 只，Top3 可验证 -> a_stock_data/verification_records/daily_replay/2024-09-06_rebound_top3
已保存 410/727 2024-09-10: 候选 60 只，Top3 可验证 -> a_stock_data/verification_records/daily_replay/2024-09-10_rebound_top3
已保存 411/727 2024-09-09: 候选 57 只，Top3 可验证 -> a_stock_data/verification_records/daily_replay/2024-09-09_rebound_top3
已保存 412/727 2024-09-11: 候选 65 只，Top3 可验证 -> a_stock_data/verification_records/daily_replay/2024-09-11_rebound_top3
已保存 413/727 2024-09-12: 候选 69 只，Top3 可验证 -> a_stock_data/verification_records/daily_replay/2024-09-12_rebound_top3
已保存 414/727 2024-09-13: 候选 77 只，Top3 可验证 -> a_stock_data/verification_records/daily_replay/2024-09-13_rebound_top3
已保存 415/727 2024-09-18: 候选 79 只，Top3 可验证 -> a_stock_data/verification_records/daily_replay/2024-09-18_rebound_top3
已保存 416/727 2024-09-20: 候选 57 只，Top3 可验证 -> a_stock_data/verification_records/daily_replay/2024-09-20_rebound_top3
已保存 417/727 2024-09-19: 候选 54 只，Top3 可验证 -> a_stock_data/verification_records/daily_replay/2024-09-19_rebound_top3
已保存 418/727 2024-09-23: 候选 51 只，Top3 可验证 -> a_stock_data/verification_records/daily_replay/2024-09-23_rebound_top3
已保存 419/727 2024-09-24: 候选 2 只，Top2 可验证 -> a_stock_data/verification_records/daily_replay/2024-09-24_rebound_top3
已保存 420/727 2024-09-25: 候选 2 只，Top2 可验证 -> a_stock_data/verification_records/daily_replay/2024-09-25_rebound_top3
已保存 421/727 2024-09-27: 候选 1 只，Top1 可验证 -> a_stock_data/verification_records/daily_replay/2024-09-27_rebound_top3
跳过 422/727 2024-09-30: 没有候选
已保存 423/727 2024-09-26: 候选 1 只，Top1 可验证 -> a_stock_data/verification_records/daily_replay/2024-09-26_rebound_top3
跳过 424/727 2024-10-08: 没有候选
已保存 425/727 2024-10-09: 候选 3 只，Top3 可验证 -> a_stock_data/verification_records/daily_replay/2024-10-09_rebound_top3
已保存 426/727 2024-10-10: 候选 13 只，Top3 可验证 -> a_stock_data/verification_records/daily_replay/2024-10-10_rebound_top3
已保存 427/727 2024-10-11: 候选 99 只，Top3 可验证 -> a_stock_data/verification_records/daily_replay/2024-10-11_rebound_top3
已保存 428/727 2024-10-14: 候选 30 只，Top3 可验证 -> a_stock_data/verification_records/daily_replay/2024-10-14_rebound_top3
已保存 429/727 2024-10-15: 候选 84 只，Top3 可验证 -> a_stock_data/verification_records/daily_replay/2024-10-15_rebound_top3
已保存 430/727 2024-10-16: 候选 71 只，Top3 可验证 -> a_stock_data/verification_records/daily_replay/2024-10-16_rebound_top3
已保存 431/727 2024-10-17: 候选 70 只，Top3 可验证 -> a_stock_data/verification_records/daily_replay/2024-10-17_rebound_top3
已保存 432/727 2024-10-18: 候选 12 只，Top3 可验证 -> a_stock_data/verification_records/daily_replay/2024-10-18_rebound_top3
已保存 433/727 2024-10-21: 候选 10 只，Top3 可验证 -> a_stock_data/verification_records/daily_replay/2024-10-21_rebound_top3
已保存 434/727 2024-10-22: 候选 7 只，Top3 可验证 -> a_stock_data/verification_records/daily_replay/2024-10-22_rebound_top3
已保存 435/727 2024-10-23: 候选 7 只，Top3 可验证 -> a_stock_data/verification_records/daily_replay/2024-10-23_rebound_top3
已保存 436/727 2024-10-25: 候选 5 只，Top3 可验证 -> a_stock_data/verification_records/daily_replay/2024-10-25_rebound_top3
已保存 437/727 2024-10-24: 候选 6 只，Top3 可验证 -> a_stock_data/verification_records/daily_replay/2024-10-24_rebound_top3
已保存 438/727 2024-10-28: 候选 2 只，Top2 可验证 -> a_stock_data/verification_records/daily_replay/2024-10-28_rebound_top3
已保存 439/727 2024-10-29: 候选 5 只，Top3 可验证 -> a_stock_data/verification_records/daily_replay/2024-10-29_rebound_top3
已保存 440/727 2024-10-30: 候选 3 只，Top3 可验证 -> a_stock_data/verification_records/daily_replay/2024-10-30_rebound_top3
已保存 441/727 2024-10-31: 候选 3 只，Top3 可验证 -> a_stock_data/verification_records/daily_replay/2024-10-31_rebound_top3
已保存 442/727 2024-11-01: 候选 12 只，Top3 可验证 -> a_stock_data/verification_records/daily_replay/2024-11-01_rebound_top3
已保存 443/727 2024-11-04: 候选 9 只，Top3 可验证 -> a_stock_data/verification_records/daily_replay/2024-11-04_rebound_top3
已保存 444/727 2024-11-05: 候选 7 只，Top3 可验证 -> a_stock_data/verification_records/daily_replay/2024-11-05_rebound_top3
已保存 445/727 2024-11-06: 候选 11 只，Top3 可验证 -> a_stock_data/verification_records/daily_replay/2024-11-06_rebound_top3
已保存 446/727 2024-11-07: 候选 2 只，Top2 可验证 -> a_stock_data/verification_records/daily_replay/2024-11-07_rebound_top3
已保存 447/727 2024-11-08: 候选 2 只，Top2 可验证 -> a_stock_data/verification_records/daily_replay/2024-11-08_rebound_top3
已保存 448/727 2024-11-11: 候选 2 只，Top2 可验证 -> a_stock_data/verification_records/daily_replay/2024-11-11_rebound_top3
已保存 449/727 2024-11-12: 候选 2 只，Top2 可验证 -> a_stock_data/verification_records/daily_replay/2024-11-12_rebound_top3
已保存 450/727 2024-11-13: 候选 5 只，Top3 可验证 -> a_stock_data/verification_records/daily_replay/2024-11-13_rebound_top3
已保存 451/727 2024-11-14: 候选 8 只，Top3 可验证 -> a_stock_data/verification_records/daily_replay/2024-11-14_rebound_top3
已保存 452/727 2024-11-15: 候选 16 只，Top3 可验证 -> a_stock_data/verification_records/daily_replay/2024-11-15_rebound_top3
已保存 453/727 2024-11-18: 候选 52 只，Top3 可验证 -> a_stock_data/verification_records/daily_replay/2024-11-18_rebound_top3
已保存 454/727 2024-11-19: 候选 20 只，Top3 可验证 -> a_stock_data/verification_records/daily_replay/2024-11-19_rebound_top3
已保存 455/727 2024-11-20: 候选 3 只，Top3 可验证 -> a_stock_data/verification_records/daily_replay/2024-11-20_rebound_top3
已保存 456/727 2024-11-21: 候选 3 只，Top3 可验证 -> a_stock_data/verification_records/daily_replay/2024-11-21_rebound_top3
已保存 457/727 2024-11-22: 候选 14 只，Top3 可验证 -> a_stock_data/verification_records/daily_replay/2024-11-22_rebound_top3
已保存 458/727 2024-11-25: 候选 10 只，Top3 可验证 -> a_stock_data/verification_records/daily_replay/2024-11-25_rebound_top3
已保存 459/727 2024-11-26: 候选 22 只，Top3 可验证 -> a_stock_data/verification_records/daily_replay/2024-11-26_rebound_top3
已保存 460/727 2024-11-27: 候选 19 只，Top3 可验证 -> a_stock_data/verification_records/daily_replay/2024-11-27_rebound_top3
已保存 461/727 2024-11-28: 候选 27 只，Top3 可验证 -> a_stock_data/verification_records/daily_replay/2024-11-28_rebound_top3
已保存 462/727 2024-11-29: 候选 14 只，Top3 可验证 -> a_stock_data/verification_records/daily_replay/2024-11-29_rebound_top3
已保存 463/727 2024-12-02: 候选 9 只，Top3 可验证 -> a_stock_data/verification_records/daily_replay/2024-12-02_rebound_top3
已保存 464/727 2024-12-03: 候选 7 只，Top3 可验证 -> a_stock_data/verification_records/daily_replay/2024-12-03_rebound_top3
已保存 465/727 2024-12-04: 候选 14 只，Top3 可验证 -> a_stock_data/verification_records/daily_replay/2024-12-04_rebound_top3
已保存 466/727 2024-12-05: 候选 13 只，Top3 可验证 -> a_stock_data/verification_records/daily_replay/2024-12-05_rebound_top3
已保存 467/727 2024-12-06: 候选 12 只，Top3 可验证 -> a_stock_data/verification_records/daily_replay/2024-12-06_rebound_top3
已保存 468/727 2024-12-09: 候选 14 只，Top3 可验证 -> a_stock_data/verification_records/daily_replay/2024-12-09_rebound_top3
已保存 469/727 2024-12-10: 候选 12 只，Top3 可验证 -> a_stock_data/verification_records/daily_replay/2024-12-10_rebound_top3
已保存 470/727 2024-12-11: 候选 9 只，Top3 可验证 -> a_stock_data/verification_records/daily_replay/2024-12-11_rebound_top3
已保存 471/727 2024-12-12: 候选 7 只，Top3 可验证 -> a_stock_data/verification_records/daily_replay/2024-12-12_rebound_top3
已保存 472/727 2024-12-13: 候选 7 只，Top3 可验证 -> a_stock_data/verification_records/daily_replay/2024-12-13_rebound_top3
已保存 473/727 2024-12-16: 候选 11 只，Top3 可验证 -> a_stock_data/verification_records/daily_replay/2024-12-16_rebound_top3
已保存 474/727 2024-12-17: 候选 17 只，Top3 可验证 -> a_stock_data/verification_records/daily_replay/2024-12-17_rebound_top3
已保存 475/727 2024-12-18: 候选 22 只，Top3 可验证 -> a_stock_data/verification_records/daily_replay/2024-12-18_rebound_top3
已保存 476/727 2024-12-19: 候选 35 只，Top3 可验证 -> a_stock_data/verification_records/daily_replay/2024-12-19_rebound_top3
已保存 477/727 2024-12-20: 候选 32 只，Top3 可验证 -> a_stock_data/verification_records/daily_replay/2024-12-20_rebound_top3
已保存 478/727 2024-12-23: 候选 65 只，Top3 可验证 -> a_stock_data/verification_records/daily_replay/2024-12-23_rebound_top3
已保存 479/727 2024-12-24: 候选 76 只，Top3 可验证 -> a_stock_data/verification_records/daily_replay/2024-12-24_rebound_top3
已保存 480/727 2024-12-25: 候选 122 只，Top3 可验证 -> a_stock_data/verification_records/daily_replay/2024-12-25_rebound_top3
已保存 481/727 2024-12-26: 候选 97 只，Top3 可验证 -> a_stock_data/verification_records/daily_replay/2024-12-26_rebound_top3
已保存 482/727 2024-12-27: 候选 59 只，Top3 可验证 -> a_stock_data/verification_records/daily_replay/2024-12-27_rebound_top3
已保存 483/727 2024-12-30: 候选 89 只，Top3 可验证 -> a_stock_data/verification_records/daily_replay/2024-12-30_rebound_top3
已保存 484/727 2024-12-31: 候选 109 只，Top3 可验证 -> a_stock_data/verification_records/daily_replay/2024-12-31_rebound_top3
已保存 485/727 2025-01-02: 候选 145 只，Top3 可验证 -> a_stock_data/verification_records/daily_replay/2025-01-02_rebound_top3
已保存 486/727 2025-01-03: 候选 243 只，Top3 可验证 -> a_stock_data/verification_records/daily_replay/2025-01-03_rebound_top3
已保存 487/727 2025-01-06: 候选 296 只，Top3 可验证 -> a_stock_data/verification_records/daily_replay/2025-01-06_rebound_top3
已保存 488/727 2025-01-07: 候选 130 只，Top3 可验证 -> a_stock_data/verification_records/daily_replay/2025-01-07_rebound_top3
已保存 489/727 2025-01-08: 候选 171 只，Top3 可验证 -> a_stock_data/verification_records/daily_replay/2025-01-08_rebound_top3
已保存 490/727 2025-01-09: 候选 138 只，Top3 可验证 -> a_stock_data/verification_records/daily_replay/2025-01-09_rebound_top3
已保存 491/727 2025-01-10: 候选 273 只，Top3 可验证 -> a_stock_data/verification_records/daily_replay/2025-01-10_rebound_top3
已保存 492/727 2025-01-13: 候选 186 只，Top3 可验证 -> a_stock_data/verification_records/daily_replay/2025-01-13_rebound_top3
已保存 493/727 2025-01-14: 候选 9 只，Top3 可验证 -> a_stock_data/verification_records/daily_replay/2025-01-14_rebound_top3
已保存 494/727 2025-01-15: 候选 27 只，Top3 可验证 -> a_stock_data/verification_records/daily_replay/2025-01-15_rebound_top3
已保存 495/727 2025-01-17: 候选 20 只，Top3 可验证 -> a_stock_data/verification_records/daily_replay/2025-01-17_rebound_top3
已保存 496/727 2025-01-16: 候选 16 只，Top3 可验证 -> a_stock_data/verification_records/daily_replay/2025-01-16_rebound_top3
已保存 497/727 2025-01-20: 候选 17 只，Top3 可验证 -> a_stock_data/verification_records/daily_replay/2025-01-20_rebound_top3
已保存 498/727 2025-01-21: 候选 29 只，Top3 可验证 -> a_stock_data/verification_records/daily_replay/2025-01-21_rebound_top3
已保存 499/727 2025-01-22: 候选 39 只，Top3 可验证 -> a_stock_data/verification_records/daily_replay/2025-01-22_rebound_top3
已保存 500/727 2025-01-23: 候选 41 只，Top3 可验证 -> a_stock_data/verification_records/daily_replay/2025-01-23_rebound_top3
已保存 501/727 2025-01-24: 候选 35 只，Top3 可验证 -> a_stock_data/verification_records/daily_replay/2025-01-24_rebound_top3
已保存 502/727 2025-01-27: 候选 38 只，Top3 可验证 -> a_stock_data/verification_records/daily_replay/2025-01-27_rebound_top3
已保存 503/727 2025-02-05: 候选 37 只，Top3 可验证 -> a_stock_data/verification_records/daily_replay/2025-02-05_rebound_top3
已保存 504/727 2025-02-06: 候选 18 只，Top3 可验证 -> a_stock_data/verification_records/daily_replay/2025-02-06_rebound_top3
已保存 505/727 2025-02-10: 候选 1 只，Top1 可验证 -> a_stock_data/verification_records/daily_replay/2025-02-10_rebound_top3
已保存 506/727 2025-02-07: 候选 9 只，Top3 可验证 -> a_stock_data/verification_records/daily_replay/2025-02-07_rebound_top3
已保存 507/727 2025-02-11: 候选 9 只，Top3 可验证 -> a_stock_data/verification_records/daily_replay/2025-02-11_rebound_top3
已保存 508/727 2025-02-12: 候选 6 只，Top3 可验证 -> a_stock_data/verification_records/daily_replay/2025-02-12_rebound_top3
已保存 509/727 2025-02-13: 候选 5 只，Top3 可验证 -> a_stock_data/verification_records/daily_replay/2025-02-13_rebound_top3
已保存 510/727 2025-02-14: 候选 8 只，Top3 可验证 -> a_stock_data/verification_records/daily_replay/2025-02-14_rebound_top3
已保存 511/727 2025-02-17: 候选 4 只，Top3 可验证 -> a_stock_data/verification_records/daily_replay/2025-02-17_rebound_top3
已保存 512/727 2025-02-18: 候选 11 只，Top3 可验证 -> a_stock_data/verification_records/daily_replay/2025-02-18_rebound_top3
已保存 513/727 2025-02-19: 候选 7 只，Top3 可验证 -> a_stock_data/verification_records/daily_replay/2025-02-19_rebound_top3
已保存 514/727 2025-02-20: 候选 9 只，Top3 可验证 -> a_stock_data/verification_records/daily_replay/2025-02-20_rebound_top3
已保存 515/727 2025-02-21: 候选 8 只，Top3 可验证 -> a_stock_data/verification_records/daily_replay/2025-02-21_rebound_top3
已保存 516/727 2025-02-24: 候选 7 只，Top3 可验证 -> a_stock_data/verification_records/daily_replay/2025-02-24_rebound_top3
已保存 517/727 2025-02-25: 候选 10 只，Top3 可验证 -> a_stock_data/verification_records/daily_replay/2025-02-25_rebound_top3
已保存 518/727 2025-02-27: 候选 8 只，Top3 可验证 -> a_stock_data/verification_records/daily_replay/2025-02-27_rebound_top3
已保存 519/727 2025-02-26: 候选 6 只，Top3 可验证 -> a_stock_data/verification_records/daily_replay/2025-02-26_rebound_top3
已保存 520/727 2025-02-28: 候选 12 只，Top3 可验证 -> a_stock_data/verification_records/daily_replay/2025-02-28_rebound_top3
已保存 521/727 2025-03-04: 候选 13 只，Top3 可验证 -> a_stock_data/verification_records/daily_replay/2025-03-04_rebound_top3
已保存 522/727 2025-03-03: 候选 18 只，Top3 可验证 -> a_stock_data/verification_records/daily_replay/2025-03-03_rebound_top3
已保存 523/727 2025-03-06: 候选 6 只，Top3 可验证 -> a_stock_data/verification_records/daily_replay/2025-03-06_rebound_top3
已保存 524/727 2025-03-05: 候选 8 只，Top3 可验证 -> a_stock_data/verification_records/daily_replay/2025-03-05_rebound_top3
已保存 525/727 2025-03-07: 候选 6 只，Top3 可验证 -> a_stock_data/verification_records/daily_replay/2025-03-07_rebound_top3
已保存 526/727 2025-03-10: 候选 5 只，Top3 可验证 -> a_stock_data/verification_records/daily_replay/2025-03-10_rebound_top3
已保存 527/727 2025-03-11: 候选 7 只，Top3 可验证 -> a_stock_data/verification_records/daily_replay/2025-03-11_rebound_top3
已保存 528/727 2025-03-12: 候选 7 只，Top3 可验证 -> a_stock_data/verification_records/daily_replay/2025-03-12_rebound_top3
已保存 529/727 2025-03-13: 候选 7 只，Top3 可验证 -> a_stock_data/verification_records/daily_replay/2025-03-13_rebound_top3
已保存 530/727 2025-03-14: 候选 5 只，Top3 可验证 -> a_stock_data/verification_records/daily_replay/2025-03-14_rebound_top3
已保存 531/727 2025-03-17: 候选 4 只，Top3 可验证 -> a_stock_data/verification_records/daily_replay/2025-03-17_rebound_top3
已保存 532/727 2025-03-18: 候选 3 只，Top3 可验证 -> a_stock_data/verification_records/daily_replay/2025-03-18_rebound_top3
已保存 533/727 2025-03-19: 候选 8 只，Top3 可验证 -> a_stock_data/verification_records/daily_replay/2025-03-19_rebound_top3
已保存 534/727 2025-03-20: 候选 7 只，Top3 可验证 -> a_stock_data/verification_records/daily_replay/2025-03-20_rebound_top3
已保存 535/727 2025-03-21: 候选 12 只，Top3 可验证 -> a_stock_data/verification_records/daily_replay/2025-03-21_rebound_top3
已保存 536/727 2025-03-25: 候选 34 只，Top3 可验证 -> a_stock_data/verification_records/daily_replay/2025-03-25_rebound_top3
已保存 537/727 2025-03-24: 候选 19 只，Top3 可验证 -> a_stock_data/verification_records/daily_replay/2025-03-24_rebound_top3
已保存 538/727 2025-03-26: 候选 35 只，Top3 可验证 -> a_stock_data/verification_records/daily_replay/2025-03-26_rebound_top3
已保存 539/727 2025-03-27: 候选 46 只，Top3 可验证 -> a_stock_data/verification_records/daily_replay/2025-03-27_rebound_top3
已保存 540/727 2025-03-28: 候选 49 只，Top3 可验证 -> a_stock_data/verification_records/daily_replay/2025-03-28_rebound_top3
已保存 541/727 2025-03-31: 候选 69 只，Top3 可验证 -> a_stock_data/verification_records/daily_replay/2025-03-31_rebound_top3
已保存 542/727 2025-04-01: 候选 70 只，Top3 可验证 -> a_stock_data/verification_records/daily_replay/2025-04-01_rebound_top3
已保存 543/727 2025-04-02: 候选 70 只，Top3 可验证 -> a_stock_data/verification_records/daily_replay/2025-04-02_rebound_top3
已保存 544/727 2025-04-03: 候选 69 只，Top3 可验证 -> a_stock_data/verification_records/daily_replay/2025-04-03_rebound_top3
已保存 545/727 2025-04-07: 候选 407 只，Top3 可验证 -> a_stock_data/verification_records/daily_replay/2025-04-07_rebound_top3
已保存 546/727 2025-04-08: 候选 515 只，Top3 可验证 -> a_stock_data/verification_records/daily_replay/2025-04-08_rebound_top3
已保存 547/727 2025-04-09: 候选 17 只，Top3 可验证 -> a_stock_data/verification_records/daily_replay/2025-04-09_rebound_top3
已保存 548/727 2025-04-10: 候选 3 只，Top3 可验证 -> a_stock_data/verification_records/daily_replay/2025-04-10_rebound_top3
跳过 549/727 2025-04-11: 没有候选
已保存 550/727 2025-04-14: 候选 1 只，Top1 可验证 -> a_stock_data/verification_records/daily_replay/2025-04-14_rebound_top3
已保存 551/727 2025-04-15: 候选 3 只，Top3 可验证 -> a_stock_data/verification_records/daily_replay/2025-04-15_rebound_top3
已保存 552/727 2025-04-16: 候选 1 只，Top1 可验证 -> a_stock_data/verification_records/daily_replay/2025-04-16_rebound_top3
已保存 553/727 2025-04-17: 候选 2 只，Top2 可验证 -> a_stock_data/verification_records/daily_replay/2025-04-17_rebound_top3
已保存 554/727 2025-04-18: 候选 3 只，Top3 可验证 -> a_stock_data/verification_records/daily_replay/2025-04-18_rebound_top3
已保存 555/727 2025-04-22: 候选 5 只，Top3 可验证 -> a_stock_data/verification_records/daily_replay/2025-04-22_rebound_top3
已保存 556/727 2025-04-21: 候选 2 只，Top2 可验证 -> a_stock_data/verification_records/daily_replay/2025-04-21_rebound_top3
已保存 557/727 2025-04-23: 候选 6 只，Top3 可验证 -> a_stock_data/verification_records/daily_replay/2025-04-23_rebound_top3
已保存 558/727 2025-04-24: 候选 10 只，Top3 可验证 -> a_stock_data/verification_records/daily_replay/2025-04-24_rebound_top3
已保存 559/727 2025-04-25: 候选 12 只，Top3 可验证 -> a_stock_data/verification_records/daily_replay/2025-04-25_rebound_top3
已保存 560/727 2025-04-28: 候选 18 只，Top3 可验证 -> a_stock_data/verification_records/daily_replay/2025-04-28_rebound_top3
已保存 561/727 2025-04-29: 候选 26 只，Top3 可验证 -> a_stock_data/verification_records/daily_replay/2025-04-29_rebound_top3
已保存 562/727 2025-04-30: 候选 23 只，Top3 可验证 -> a_stock_data/verification_records/daily_replay/2025-04-30_rebound_top3
已保存 563/727 2025-05-06: 候选 17 只，Top3 可验证 -> a_stock_data/verification_records/daily_replay/2025-05-06_rebound_top3
已保存 564/727 2025-05-07: 候选 12 只，Top3 可验证 -> a_stock_data/verification_records/daily_replay/2025-05-07_rebound_top3
已保存 565/727 2025-05-08: 候选 14 只，Top3 可验证 -> a_stock_data/verification_records/daily_replay/2025-05-08_rebound_top3
已保存 566/727 2025-05-12: 候选 10 只，Top3 可验证 -> a_stock_data/verification_records/daily_replay/2025-05-12_rebound_top3
已保存 567/727 2025-05-09: 候选 14 只，Top3 可验证 -> a_stock_data/verification_records/daily_replay/2025-05-09_rebound_top3
已保存 568/727 2025-05-13: 候选 14 只，Top3 可验证 -> a_stock_data/verification_records/daily_replay/2025-05-13_rebound_top3
已保存 569/727 2025-05-14: 候选 13 只，Top3 可验证 -> a_stock_data/verification_records/daily_replay/2025-05-14_rebound_top3
已保存 570/727 2025-05-15: 候选 12 只，Top3 可验证 -> a_stock_data/verification_records/daily_replay/2025-05-15_rebound_top3
已保存 571/727 2025-05-16: 候选 11 只，Top3 可验证 -> a_stock_data/verification_records/daily_replay/2025-05-16_rebound_top3
已保存 572/727 2025-05-19: 候选 6 只，Top3 可验证 -> a_stock_data/verification_records/daily_replay/2025-05-19_rebound_top3
已保存 573/727 2025-05-20: 候选 7 只，Top3 可验证 -> a_stock_data/verification_records/daily_replay/2025-05-20_rebound_top3
已保存 574/727 2025-05-21: 候选 9 只，Top3 可验证 -> a_stock_data/verification_records/daily_replay/2025-05-21_rebound_top3
已保存 575/727 2025-05-22: 候选 10 只，Top3 可验证 -> a_stock_data/verification_records/daily_replay/2025-05-22_rebound_top3
已保存 576/727 2025-05-23: 候选 18 只，Top3 可验证 -> a_stock_data/verification_records/daily_replay/2025-05-23_rebound_top3
已保存 577/727 2025-05-26: 候选 18 只，Top3 可验证 -> a_stock_data/verification_records/daily_replay/2025-05-26_rebound_top3
已保存 578/727 2025-05-27: 候选 15 只，Top3 可验证 -> a_stock_data/verification_records/daily_replay/2025-05-27_rebound_top3
已保存 579/727 2025-05-28: 候选 17 只，Top3 可验证 -> a_stock_data/verification_records/daily_replay/2025-05-28_rebound_top3
已保存 580/727 2025-05-29: 候选 20 只，Top3 可验证 -> a_stock_data/verification_records/daily_replay/2025-05-29_rebound_top3
已保存 581/727 2025-05-30: 候选 31 只，Top3 可验证 -> a_stock_data/verification_records/daily_replay/2025-05-30_rebound_top3
已保存 582/727 2025-06-03: 候选 32 只，Top3 可验证 -> a_stock_data/verification_records/daily_replay/2025-06-03_rebound_top3
已保存 583/727 2025-06-05: 候选 36 只，Top3 可验证 -> a_stock_data/verification_records/daily_replay/2025-06-05_rebound_top3
已保存 584/727 2025-06-04: 候选 30 只，Top3 可验证 -> a_stock_data/verification_records/daily_replay/2025-06-04_rebound_top3
已保存 585/727 2025-06-06: 候选 34 只，Top3 可验证 -> a_stock_data/verification_records/daily_replay/2025-06-06_rebound_top3
已保存 586/727 2025-06-10: 候选 37 只，Top3 可验证 -> a_stock_data/verification_records/daily_replay/2025-06-10_rebound_top3
已保存 587/727 2025-06-09: 候选 35 只，Top3 可验证 -> a_stock_data/verification_records/daily_replay/2025-06-09_rebound_top3
已保存 588/727 2025-06-12: 候选 35 只，Top3 可验证 -> a_stock_data/verification_records/daily_replay/2025-06-12_rebound_top3
已保存 589/727 2025-06-11: 候选 33 只，Top3 可验证 -> a_stock_data/verification_records/daily_replay/2025-06-11_rebound_top3
已保存 590/727 2025-06-13: 候选 40 只，Top3 可验证 -> a_stock_data/verification_records/daily_replay/2025-06-13_rebound_top3
已保存 591/727 2025-06-16: 候选 42 只，Top3 可验证 -> a_stock_data/verification_records/daily_replay/2025-06-16_rebound_top3
已保存 592/727 2025-06-17: 候选 44 只，Top3 可验证 -> a_stock_data/verification_records/daily_replay/2025-06-17_rebound_top3
已保存 593/727 2025-06-18: 候选 54 只，Top3 可验证 -> a_stock_data/verification_records/daily_replay/2025-06-18_rebound_top3
已保存 594/727 2025-06-19: 候选 65 只，Top3 可验证 -> a_stock_data/verification_records/daily_replay/2025-06-19_rebound_top3
已保存 595/727 2025-06-20: 候选 69 只，Top3 可验证 -> a_stock_data/verification_records/daily_replay/2025-06-20_rebound_top3
已保存 596/727 2025-06-23: 候选 71 只，Top3 可验证 -> a_stock_data/verification_records/daily_replay/2025-06-23_rebound_top3
已保存 597/727 2025-06-25: 候选 41 只，Top3 可验证 -> a_stock_data/verification_records/daily_replay/2025-06-25_rebound_top3
已保存 598/727 2025-06-24: 候选 48 只，Top3 可验证 -> a_stock_data/verification_records/daily_replay/2025-06-24_rebound_top3
已保存 599/727 2025-06-26: 候选 39 只，Top3 可验证 -> a_stock_data/verification_records/daily_replay/2025-06-26_rebound_top3
已保存 600/727 2025-06-27: 候选 36 只，Top3 可验证 -> a_stock_data/verification_records/daily_replay/2025-06-27_rebound_top3
已保存 601/727 2025-06-30: 候选 30 只，Top3 可验证 -> a_stock_data/verification_records/daily_replay/2025-06-30_rebound_top3
已保存 602/727 2025-07-01: 候选 22 只，Top3 可验证 -> a_stock_data/verification_records/daily_replay/2025-07-01_rebound_top3
已保存 603/727 2025-07-02: 候选 30 只，Top3 可验证 -> a_stock_data/verification_records/daily_replay/2025-07-02_rebound_top3
已保存 604/727 2025-07-03: 候选 26 只，Top3 可验证 -> a_stock_data/verification_records/daily_replay/2025-07-03_rebound_top3
已保存 605/727 2025-07-04: 候选 36 只，Top3 可验证 -> a_stock_data/verification_records/daily_replay/2025-07-04_rebound_top3
已保存 606/727 2025-07-07: 候选 30 只，Top3 可验证 -> a_stock_data/verification_records/daily_replay/2025-07-07_rebound_top3
已保存 607/727 2025-07-08: 候选 21 只，Top3 可验证 -> a_stock_data/verification_records/daily_replay/2025-07-08_rebound_top3
已保存 608/727 2025-07-10: 候选 23 只，Top3 可验证 -> a_stock_data/verification_records/daily_replay/2025-07-10_rebound_top3
已保存 609/727 2025-07-09: 候选 24 只，Top3 可验证 -> a_stock_data/verification_records/daily_replay/2025-07-09_rebound_top3
已保存 610/727 2025-07-11: 候选 23 只，Top3 可验证 -> a_stock_data/verification_records/daily_replay/2025-07-11_rebound_top3
已保存 611/727 2025-07-14: 候选 24 只，Top3 可验证 -> a_stock_data/verification_records/daily_replay/2025-07-14_rebound_top3
已保存 612/727 2025-07-15: 候选 30 只，Top3 可验证 -> a_stock_data/verification_records/daily_replay/2025-07-15_rebound_top3
已保存 613/727 2025-07-16: 候选 29 只，Top3 可验证 -> a_stock_data/verification_records/daily_replay/2025-07-16_rebound_top3
已保存 614/727 2025-07-17: 候选 25 只，Top3 可验证 -> a_stock_data/verification_records/daily_replay/2025-07-17_rebound_top3
已保存 615/727 2025-07-18: 候选 27 只，Top3 可验证 -> a_stock_data/verification_records/daily_replay/2025-07-18_rebound_top3
已保存 616/727 2025-07-21: 候选 16 只，Top3 可验证 -> a_stock_data/verification_records/daily_replay/2025-07-21_rebound_top3
已保存 617/727 2025-07-22: 候选 18 只，Top3 可验证 -> a_stock_data/verification_records/daily_replay/2025-07-22_rebound_top3
已保存 618/727 2025-07-23: 候选 22 只，Top3 可验证 -> a_stock_data/verification_records/daily_replay/2025-07-23_rebound_top3
已保存 619/727 2025-07-25: 候选 16 只，Top3 可验证 -> a_stock_data/verification_records/daily_replay/2025-07-25_rebound_top3
已保存 620/727 2025-07-24: 候选 15 只，Top3 可验证 -> a_stock_data/verification_records/daily_replay/2025-07-24_rebound_top3
已保存 621/727 2025-07-28: 候选 17 只，Top3 可验证 -> a_stock_data/verification_records/daily_replay/2025-07-28_rebound_top3
已保存 622/727 2025-07-29: 候选 18 只，Top3 可验证 -> a_stock_data/verification_records/daily_replay/2025-07-29_rebound_top3
已保存 623/727 2025-07-30: 候选 20 只，Top3 可验证 -> a_stock_data/verification_records/daily_replay/2025-07-30_rebound_top3
已保存 624/727 2025-07-31: 候选 22 只，Top3 可验证 -> a_stock_data/verification_records/daily_replay/2025-07-31_rebound_top3
已保存 625/727 2025-08-01: 候选 29 只，Top3 可验证 -> a_stock_data/verification_records/daily_replay/2025-08-01_rebound_top3
已保存 626/727 2025-08-04: 候选 24 只，Top3 可验证 -> a_stock_data/verification_records/daily_replay/2025-08-04_rebound_top3
已保存 627/727 2025-08-05: 候选 21 只，Top3 可验证 -> a_stock_data/verification_records/daily_replay/2025-08-05_rebound_top3
已保存 628/727 2025-08-06: 候选 22 只，Top3 可验证 -> a_stock_data/verification_records/daily_replay/2025-08-06_rebound_top3
已保存 629/727 2025-08-07: 候选 27 只，Top3 可验证 -> a_stock_data/verification_records/daily_replay/2025-08-07_rebound_top3
已保存 630/727 2025-08-08: 候选 27 只，Top3 可验证 -> a_stock_data/verification_records/daily_replay/2025-08-08_rebound_top3
已保存 631/727 2025-08-11: 候选 23 只，Top3 可验证 -> a_stock_data/verification_records/daily_replay/2025-08-11_rebound_top3
已保存 632/727 2025-08-12: 候选 25 只，Top3 可验证 -> a_stock_data/verification_records/daily_replay/2025-08-12_rebound_top3
已保存 633/727 2025-08-14: 候选 29 只，Top3 可验证 -> a_stock_data/verification_records/daily_replay/2025-08-14_rebound_top3
已保存 634/727 2025-08-13: 候选 31 只，Top3 可验证 -> a_stock_data/verification_records/daily_replay/2025-08-13_rebound_top3
已保存 635/727 2025-08-15: 候选 26 只，Top3 可验证 -> a_stock_data/verification_records/daily_replay/2025-08-15_rebound_top3
已保存 636/727 2025-08-18: 候选 23 只，Top3 可验证 -> a_stock_data/verification_records/daily_replay/2025-08-18_rebound_top3
已保存 637/727 2025-08-19: 候选 25 只，Top3 可验证 -> a_stock_data/verification_records/daily_replay/2025-08-19_rebound_top3
已保存 638/727 2025-08-20: 候选 15 只，Top3 可验证 -> a_stock_data/verification_records/daily_replay/2025-08-20_rebound_top3
已保存 639/727 2025-08-21: 候选 13 只，Top3 可验证 -> a_stock_data/verification_records/daily_replay/2025-08-21_rebound_top3
已保存 640/727 2025-08-22: 候选 17 只，Top3 可验证 -> a_stock_data/verification_records/daily_replay/2025-08-22_rebound_top3
已保存 641/727 2025-08-25: 候选 17 只，Top3 可验证 -> a_stock_data/verification_records/daily_replay/2025-08-25_rebound_top3
已保存 642/727 2025-08-26: 候选 14 只，Top3 可验证 -> a_stock_data/verification_records/daily_replay/2025-08-26_rebound_top3
已保存 643/727 2025-08-27: 候选 20 只，Top3 可验证 -> a_stock_data/verification_records/daily_replay/2025-08-27_rebound_top3
已保存 644/727 2025-08-28: 候选 23 只，Top3 可验证 -> a_stock_data/verification_records/daily_replay/2025-08-28_rebound_top3
已保存 645/727 2025-08-29: 候选 28 只，Top3 可验证 -> a_stock_data/verification_records/daily_replay/2025-08-29_rebound_top3
已保存 646/727 2025-09-01: 候选 21 只，Top3 可验证 -> a_stock_data/verification_records/daily_replay/2025-09-01_rebound_top3
已保存 647/727 2025-09-02: 候选 26 只，Top3 可验证 -> a_stock_data/verification_records/daily_replay/2025-09-02_rebound_top3
已保存 648/727 2025-09-03: 候选 37 只，Top3 可验证 -> a_stock_data/verification_records/daily_replay/2025-09-03_rebound_top3
已保存 649/727 2025-09-04: 候选 56 只，Top3 可验证 -> a_stock_data/verification_records/daily_replay/2025-09-04_rebound_top3
已保存 650/727 2025-09-05: 候选 42 只，Top3 可验证 -> a_stock_data/verification_records/daily_replay/2025-09-05_rebound_top3
已保存 651/727 2025-09-08: 候选 28 只，Top3 可验证 -> a_stock_data/verification_records/daily_replay/2025-09-08_rebound_top3
已保存 652/727 2025-09-11: 候选 17 只，Top3 可验证 -> a_stock_data/verification_records/daily_replay/2025-09-11_rebound_top3
已保存 653/727 2025-09-09: 候选 48 只，Top3 可验证 -> a_stock_data/verification_records/daily_replay/2025-09-09_rebound_top3
已保存 654/727 2025-09-10: 候选 38 只，Top3 可验证 -> a_stock_data/verification_records/daily_replay/2025-09-10_rebound_top3
已保存 655/727 2025-09-12: 候选 17 只，Top3 可验证 -> a_stock_data/verification_records/daily_replay/2025-09-12_rebound_top3
已保存 656/727 2025-09-17: 候选 17 只，Top3 可验证 -> a_stock_data/verification_records/daily_replay/2025-09-17_rebound_top3
已保存 657/727 2025-09-15: 候选 20 只，Top3 可验证 -> a_stock_data/verification_records/daily_replay/2025-09-15_rebound_top3
已保存 658/727 2025-09-16: 候选 17 只，Top3 可验证 -> a_stock_data/verification_records/daily_replay/2025-09-16_rebound_top3
已保存 659/727 2025-09-19: 候选 18 只，Top3 可验证 -> a_stock_data/verification_records/daily_replay/2025-09-19_rebound_top3
已保存 660/727 2025-09-18: 候选 24 只，Top3 可验证 -> a_stock_data/verification_records/daily_replay/2025-09-18_rebound_top3
已保存 661/727 2025-09-22: 候选 19 只，Top3 可验证 -> a_stock_data/verification_records/daily_replay/2025-09-22_rebound_top3
已保存 662/727 2025-09-23: 候选 38 只，Top3 可验证 -> a_stock_data/verification_records/daily_replay/2025-09-23_rebound_top3
已保存 663/727 2025-09-25: 候选 28 只，Top3 可验证 -> a_stock_data/verification_records/daily_replay/2025-09-25_rebound_top3
已保存 664/727 2025-09-24: 候选 30 只，Top3 可验证 -> a_stock_data/verification_records/daily_replay/2025-09-24_rebound_top3
已保存 665/727 2025-09-26: 候选 31 只，Top3 可验证 -> a_stock_data/verification_records/daily_replay/2025-09-26_rebound_top3
已保存 666/727 2025-09-29: 候选 34 只，Top3 可验证 -> a_stock_data/verification_records/daily_replay/2025-09-29_rebound_top3
已保存 667/727 2025-09-30: 候选 32 只，Top3 可验证 -> a_stock_data/verification_records/daily_replay/2025-09-30_rebound_top3
已保存 668/727 2025-10-09: 候选 28 只，Top3 可验证 -> a_stock_data/verification_records/daily_replay/2025-10-09_rebound_top3
已保存 669/727 2025-10-10: 候选 25 只，Top3 可验证 -> a_stock_data/verification_records/daily_replay/2025-10-10_rebound_top3
已保存 670/727 2025-10-13: 候选 27 只，Top3 可验证 -> a_stock_data/verification_records/daily_replay/2025-10-13_rebound_top3
已保存 671/727 2025-10-14: 候选 43 只，Top3 可验证 -> a_stock_data/verification_records/daily_replay/2025-10-14_rebound_top3
已保存 672/727 2025-10-15: 候选 22 只，Top3 可验证 -> a_stock_data/verification_records/daily_replay/2025-10-15_rebound_top3
已保存 673/727 2025-10-16: 候选 36 只，Top3 可验证 -> a_stock_data/verification_records/daily_replay/2025-10-16_rebound_top3
已保存 674/727 2025-10-17: 候选 48 只，Top3 可验证 -> a_stock_data/verification_records/daily_replay/2025-10-17_rebound_top3
已保存 675/727 2025-10-20: 候选 34 只，Top3 可验证 -> a_stock_data/verification_records/daily_replay/2025-10-20_rebound_top3
已保存 676/727 2025-10-21: 候选 20 只，Top3 可验证 -> a_stock_data/verification_records/daily_replay/2025-10-21_rebound_top3
已保存 677/727 2025-10-22: 候选 17 只，Top3 可验证 -> a_stock_data/verification_records/daily_replay/2025-10-22_rebound_top3
已保存 678/727 2025-10-23: 候选 20 只，Top3 可验证 -> a_stock_data/verification_records/daily_replay/2025-10-23_rebound_top3
已保存 679/727 2025-10-24: 候选 21 只，Top3 可验证 -> a_stock_data/verification_records/daily_replay/2025-10-24_rebound_top3
已保存 680/727 2025-10-27: 候选 13 只，Top3 可验证 -> a_stock_data/verification_records/daily_replay/2025-10-27_rebound_top3
已保存 681/727 2025-10-28: 候选 15 只，Top3 可验证 -> a_stock_data/verification_records/daily_replay/2025-10-28_rebound_top3
已保存 682/727 2025-10-29: 候选 17 只，Top3 可验证 -> a_stock_data/verification_records/daily_replay/2025-10-29_rebound_top3
已保存 683/727 2025-10-30: 候选 22 只，Top3 可验证 -> a_stock_data/verification_records/daily_replay/2025-10-30_rebound_top3
已保存 684/727 2025-10-31: 候选 16 只，Top3 可验证 -> a_stock_data/verification_records/daily_replay/2025-10-31_rebound_top3
已保存 685/727 2025-11-03: 候选 14 只，Top3 可验证 -> a_stock_data/verification_records/daily_replay/2025-11-03_rebound_top3
已保存 686/727 2025-11-04: 候选 14 只，Top3 可验证 -> a_stock_data/verification_records/daily_replay/2025-11-04_rebound_top3
已保存 687/727 2025-11-05: 候选 15 只，Top3 可验证 -> a_stock_data/verification_records/daily_replay/2025-11-05_rebound_top3
已保存 688/727 2025-11-06: 候选 16 只，Top3 可验证 -> a_stock_data/verification_records/daily_replay/2025-11-06_rebound_top3
已保存 689/727 2025-11-07: 候选 16 只，Top3 可验证 -> a_stock_data/verification_records/daily_replay/2025-11-07_rebound_top3
已保存 690/727 2025-11-10: 候选 13 只，Top3 可验证 -> a_stock_data/verification_records/daily_replay/2025-11-10_rebound_top3
已保存 691/727 2025-11-11: 候选 12 只，Top3 可验证 -> a_stock_data/verification_records/daily_replay/2025-11-11_rebound_top3
已保存 692/727 2025-11-12: 候选 16 只，Top3 可验证 -> a_stock_data/verification_records/daily_replay/2025-11-12_rebound_top3
已保存 693/727 2025-11-13: 候选 16 只，Top3 可验证 -> a_stock_data/verification_records/daily_replay/2025-11-13_rebound_top3
已保存 694/727 2025-11-14: 候选 17 只，Top3 可验证 -> a_stock_data/verification_records/daily_replay/2025-11-14_rebound_top3
已保存 695/727 2025-11-17: 候选 21 只，Top3 可验证 -> a_stock_data/verification_records/daily_replay/2025-11-17_rebound_top3
已保存 696/727 2025-11-18: 候选 25 只，Top3 可验证 -> a_stock_data/verification_records/daily_replay/2025-11-18_rebound_top3
已保存 697/727 2025-11-19: 候选 32 只，Top3 可验证 -> a_stock_data/verification_records/daily_replay/2025-11-19_rebound_top3
已保存 698/727 2025-11-20: 候选 39 只，Top3 可验证 -> a_stock_data/verification_records/daily_replay/2025-11-20_rebound_top3
已保存 699/727 2025-11-21: 候选 93 只，Top3 可验证 -> a_stock_data/verification_records/daily_replay/2025-11-21_rebound_top3
已保存 700/727 2025-11-24: 候选 106 只，Top3 可验证 -> a_stock_data/verification_records/daily_replay/2025-11-24_rebound_top3
已保存 701/727 2025-11-25: 候选 66 只，Top3 可验证 -> a_stock_data/verification_records/daily_replay/2025-11-25_rebound_top3
已保存 702/727 2025-11-26: 候选 72 只，Top3 可验证 -> a_stock_data/verification_records/daily_replay/2025-11-26_rebound_top3
已保存 703/727 2025-11-27: 候选 63 只，Top3 可验证 -> a_stock_data/verification_records/daily_replay/2025-11-27_rebound_top3
已保存 704/727 2025-11-28: 候选 40 只，Top3 可验证 -> a_stock_data/verification_records/daily_replay/2025-11-28_rebound_top3
已保存 705/727 2025-12-01: 候选 30 只，Top3 可验证 -> a_stock_data/verification_records/daily_replay/2025-12-01_rebound_top3
已保存 706/727 2025-12-02: 候选 41 只，Top3 可验证 -> a_stock_data/verification_records/daily_replay/2025-12-02_rebound_top3
已保存 707/727 2025-12-03: 候选 45 只，Top3 可验证 -> a_stock_data/verification_records/daily_replay/2025-12-03_rebound_top3
已保存 708/727 2025-12-04: 候选 52 只，Top3 可验证 -> a_stock_data/verification_records/daily_replay/2025-12-04_rebound_top3
已保存 709/727 2025-12-05: 候选 40 只，Top3 可验证 -> a_stock_data/verification_records/daily_replay/2025-12-05_rebound_top3
已保存 710/727 2025-12-08: 候选 35 只，Top3 可验证 -> a_stock_data/verification_records/daily_replay/2025-12-08_rebound_top3
已保存 711/727 2025-12-09: 候选 37 只，Top3 可验证 -> a_stock_data/verification_records/daily_replay/2025-12-09_rebound_top3
已保存 712/727 2025-12-10: 候选 42 只，Top3 可验证 -> a_stock_data/verification_records/daily_replay/2025-12-10_rebound_top3
已保存 713/727 2025-12-11: 候选 49 只，Top3 可验证 -> a_stock_data/verification_records/daily_replay/2025-12-11_rebound_top3
已保存 714/727 2025-12-12: 候选 45 只，Top3 可验证 -> a_stock_data/verification_records/daily_replay/2025-12-12_rebound_top3
已保存 715/727 2025-12-16: 候选 68 只，Top3 可验证 -> a_stock_data/verification_records/daily_replay/2025-12-16_rebound_top3
已保存 716/727 2025-12-15: 候选 47 只，Top3 可验证 -> a_stock_data/verification_records/daily_replay/2025-12-15_rebound_top3
已保存 717/727 2025-12-17: 候选 84 只，Top3 可验证 -> a_stock_data/verification_records/daily_replay/2025-12-17_rebound_top3
已保存 718/727 2025-12-18: 候选 83 只，Top3 可验证 -> a_stock_data/verification_records/daily_replay/2025-12-18_rebound_top3
已保存 719/727 2025-12-19: 候选 58 只，Top3 可验证 -> a_stock_data/verification_records/daily_replay/2025-12-19_rebound_top3
已保存 720/727 2025-12-22: 候选 48 只，Top3 可验证 -> a_stock_data/verification_records/daily_replay/2025-12-22_rebound_top3
已保存 721/727 2025-12-23: 候选 65 只，Top3 可验证 -> a_stock_data/verification_records/daily_replay/2025-12-23_rebound_top3
已保存 722/727 2025-12-24: 候选 47 只，Top3 可验证 -> a_stock_data/verification_records/daily_replay/2025-12-24_rebound_top3
已保存 723/727 2025-12-25: 候选 33 只，Top3 可验证 -> a_stock_data/verification_records/daily_replay/2025-12-25_rebound_top3
已保存 724/727 2025-12-26: 候选 34 只，Top3 可验证 -> a_stock_data/verification_records/daily_replay/2025-12-26_rebound_top3
已保存 725/727 2025-12-29: 候选 34 只，Top3 可验证 -> a_stock_data/verification_records/daily_replay/2025-12-29_rebound_top3
已保存 726/727 2025-12-30: 候选 35 只，Top3 可验证 -> a_stock_data/verification_records/daily_replay/2025-12-30_rebound_top3
已保存 727/727 2025-12-31: 候选 38 只，Top3 可验证 -> a_stock_data/verification_records/daily_replay/2025-12-31_rebound_top3
已保存每日回放快照 713 个
