加载股票数据（用于信号生成）...
已加载 500/5207，有效 470 只
已加载 1500/5207，有效 1403 只
已加载 2000/5207，有效 1859 只
已加载 2500/5207，有效 2354 只
已加载 3000/5207，有效 2845 只
已加载 3500/5207，有效 3313 只
已加载 4000/5207，有效 3805 只
已加载 4500/5207，有效 4279 只
已加载 5000/5207，有效 4768 只
  已加载 4973 只股票
加载 OHLC 行情（含开盘价，用于交易执行）...
  已加载 4973 只股票 OHLC
确定模拟交易日...
  共 109 个交易日（2026-01-05 ~ 2026-06-18）
开始逐日模拟...
  2026-01-05 待买:002086 | 已成交0笔
  2026-01-06 持仓:002086(0日) | 已成交0笔
  2026-01-07 持仓:002086(1日) | 已成交0笔
  2026-01-08 持仓:002086(2日) | 已成交0笔
  2026-01-09 持仓:002086(3日) | 已成交0笔
  2026-01-12 持仓:002086(4日) | 已成交0笔
  2026-01-13 持仓:002086(5日) | 已成交0笔
  2026-01-14 持仓:002086(6日) | 已成交0笔
  2026-01-15 持仓:002086(7日) | 已成交0笔
  2026-01-16 持仓:002086(8日) | 已成交0笔
  2026-01-19 持仓:002086(9日) | 已成交0笔
  2026-01-20 持仓:002086(10日) | 已成交0笔
  2026-01-21 持仓:002086(11日) | 已成交0笔
  2026-01-22 持仓:002086(12日) | 已成交0笔
  2026-01-23 持仓:002086(13日) | 已成交0笔
  2026-01-26 持仓:002086(14日) | 已成交0笔
  2026-01-27 待买:688697 | 已成交1笔
  2026-01-28 持仓:688697(0日) | 已成交1笔
  2026-01-29 持仓:688697(1日) | 已成交1笔
  2026-01-30 待买:688793 | 已成交2笔
  2026-02-02 持仓:688793(0日) | 已成交2笔
  2026-02-03 待买:300668 | 已成交3笔
  2026-02-04 持仓:300668(0日) | 已成交3笔
  2026-02-05 持仓:300668(1日) | 已成交3笔
  2026-02-06 持仓:300668(2日) | 已成交3笔
  2026-02-09 持仓:300668(3日) | 已成交3笔
  2026-02-10 持仓:300668(4日) | 已成交3笔
  2026-02-11 持仓:300668(5日) | 已成交3笔
  2026-02-12 持仓:300668(6日) | 已成交3笔
  2026-02-13 持仓:300668(7日) | 已成交3笔
  2026-02-24 持仓:300668(8日) | 已成交3笔
  2026-02-25 持仓:300668(9日) | 已成交3笔
  2026-02-26 待买:688697 | 已成交4笔
  2026-02-27 持仓:688697(0日) | 已成交4笔
  2026-03-02 待买:688750 | 已成交5笔
  2026-03-03 待买:688750 | 已成交6笔
  2026-03-04 持仓:688750(0日) | 已成交6笔
  2026-03-05 待买:301283 | 已成交7笔
  2026-03-06 持仓:301283(0日) | 已成交7笔
  2026-03-09 持仓:301283(1日) | 已成交7笔
  2026-03-10 持仓:301283(2日) | 已成交7笔
  2026-03-11 持仓:301283(3日) | 已成交7笔
  2026-03-12 持仓:301283(4日) | 已成交7笔
  2026-03-13 持仓:301283(5日) | 已成交7笔
  2026-03-16 持仓:301283(6日) | 已成交7笔
  2026-03-17 持仓:301283(7日) | 已成交7笔
  2026-03-18 持仓:301283(8日) | 已成交7笔
  2026-03-19 持仓:301283(9日) | 已成交7笔
  2026-03-20 待买:002809 | 已成交8笔
  2026-03-23 待买:002809 | 已成交8笔
  2026-03-24 待买:688800 | 已成交9笔
  2026-03-25 持仓:688800(0日) | 已成交9笔
  2026-03-26 持仓:688800(1日) | 已成交9笔
  2026-03-27 待买:001391 | 已成交10笔
  2026-03-30 持仓:001391(0日) | 已成交10笔
  2026-03-31 持仓:001391(1日) | 已成交10笔
  2026-04-01 持仓:001391(2日) | 已成交10笔
  2026-04-02 持仓:001391(3日) | 已成交10笔
  2026-04-03 持仓:001391(4日) | 已成交10笔
  2026-04-07 持仓:001391(5日) | 已成交10笔
  2026-04-08 持仓:001391(6日) | 已成交10笔
  2026-04-09 持仓:001391(7日) | 已成交10笔
  2026-04-10 持仓:001391(8日) | 已成交10笔
  2026-04-13 持仓:001391(9日) | 已成交10笔
  2026-04-14 持仓:001391(10日) | 已成交10笔
  2026-04-15 持仓:001391(11日) | 已成交10笔
  2026-04-16 持仓:001391(12日) | 已成交10笔
  2026-04-17 持仓:001391(13日) | 已成交10笔
  2026-04-20 持仓:001391(14日) | 已成交10笔
  2026-04-21 待买:688697 | 已成交11笔
  2026-04-22 持仓:688697(0日) | 已成交11笔
  2026-04-23 持仓:688697(1日) | 已成交11笔
  2026-04-24 待买:601211 | 已成交12笔
  2026-04-27 持仓:601211(0日) | 已成交12笔
  2026-04-28 持仓:601211(1日) | 已成交12笔
  2026-04-29 持仓:601211(2日) | 已成交12笔
  2026-04-30 持仓:601211(3日) | 已成交12笔
  2026-05-06 持仓:601211(4日) | 已成交12笔
  2026-05-07 持仓:601211(5日) | 已成交12笔
  2026-05-08 持仓:601211(6日) | 已成交12笔
  2026-05-11 持仓:601211(7日) | 已成交12笔
  2026-05-12 持仓:601211(8日) | 已成交12笔
  2026-05-13 待买:603787 | 已成交13笔
  2026-05-14 持仓:603787(0日) | 已成交13笔
  2026-05-15 持仓:603787(1日) | 已成交13笔
  2026-05-18 持仓:603787(2日) | 已成交13笔
  2026-05-19 持仓:603787(3日) | 已成交13笔
  2026-05-20 持仓:603787(4日) | 已成交13笔
  2026-05-21 待买:601238 | 已成交14笔
  2026-05-22 持仓:601238(0日) | 已成交14笔
  2026-05-25 持仓:601238(1日) | 已成交14笔
  2026-05-26 持仓:601238(2日) | 已成交14笔
  2026-05-27 持仓:601238(3日) | 已成交14笔
  2026-05-28 待买:002773 | 已成交15笔
  2026-05-29 持仓:002773(0日) | 已成交15笔
  2026-06-01 持仓:002773(1日) | 已成交15笔
  2026-06-02 持仓:002773(2日) | 已成交15笔
  2026-06-03 持仓:002773(3日) | 已成交15笔
  2026-06-04 持仓:002773(4日) | 已成交15笔
  2026-06-05 持仓:002773(5日) | 已成交15笔
  2026-06-08 持仓:002773(6日) | 已成交15笔
  2026-06-09 待买:300355 | 已成交16笔
  2026-06-10 持仓:300355(0日) | 已成交16笔
  2026-06-11 待买:605005 | 已成交17笔
  2026-06-12 持仓:605005(0日) | 已成交17笔
  2026-06-15 持仓:605005(1日) | 已成交17笔
  2026-06-16 持仓:605005(2日) | 已成交17笔
  2026-06-17 待买:301088 | 已成交18笔
  2026-06-18 持仓:301088(0日) | 已成交18笔
Excel: /home/nemausa/stock/BaoStock/strategy_recommended_runner/outputs/2026/simulate_rebound_top3_2026.xlsx
CSV:   /home/nemausa/stock/BaoStock/strategy_recommended_runner/outputs/2026/simulate_rebound_top3_2026.csv

=== 模拟完成: 19 笔交易，1 个跳过信号 ===
      买入日期   股票代码 股票名称  买入价格   卖出价格  持仓天数      退出原因    盈亏%  累计收益率%
2026-01-06 002086 东方海洋  2.33  2.290    15 到期平仓(15日)  -1.72   -1.72
2026-01-28 688697 纽威数控 15.93 15.293     2   止损(-4%)  -4.00   -5.72
2026-02-02 688793  倍轻松 22.29 30.320     1  止盈(跳空高开)  36.03   30.31
2026-02-04 300668 杰恩股份 24.70 27.170    10  止盈(+10%)  10.00   40.31
2026-02-27 688697 纽威数控 21.80 15.920     1  止损(跳空低开) -26.97   13.34
2026-03-03 688750 金天钛业 15.89 15.254     0   止损(-4%)  -4.00    9.34
2026-03-04 688750 金天钛业 20.30 15.030     1  止损(跳空低开) -25.96  -16.62
2026-03-06 301283 聚胶股份 46.60 44.736    10   止损(-4%)  -4.00  -20.62
2026-03-24 002809 红墙股份 11.12 10.675     0   止损(-4%)  -4.00  -24.62
2026-03-25 688800  瑞可达 88.00 84.480     2   止损(-4%)  -4.00  -28.62
2026-03-30 001391  国货航  5.26  5.320    15 到期平仓(15日)   1.14  -27.48
2026-04-22 688697 纽威数控 16.27 20.680     2  止盈(跳空高开)  27.11   -0.38
2026-04-27 601211 国泰海通 16.59 15.926     9   止损(-4%)  -4.00   -4.38
2026-05-14 603787 新日股份 11.72 11.251     5   止损(-4%)  -4.00   -8.38
2026-05-22 601238 广汽集团  6.35  6.096     4   止损(-4%)  -4.00  -12.38
2026-05-29 002773 康弘药业 20.86 20.026     7   止损(-4%)  -4.00  -16.38
2026-06-10 300355 蒙草生态  3.03  2.909     1   止损(-4%)  -4.00  -20.38
2026-06-12 605005 合兴股份 16.08 19.830     3  止盈(跳空高开)  23.32    2.94
2026-06-18 301088 戎美股份 12.96 12.740     0       持仓中  -1.70    1.24

           项目                       值
         回测区间 2026-01-05 ~ 2026-06-18
      每笔仓位(元)                 100,000
        总交易笔数                      19
        已平仓笔数                      18
         止盈笔数                       4
         止损笔数                      12
       到期平仓笔数                       2
         期末持仓                  301088
          胜率%                    22.2
        平均盈亏%                    0.16
      最大单笔盈利%                   36.03
      最大单笔亏损%                  -26.97
     总盈亏金额(元)                1,244.47
总收益率%(基于每笔仓位)                    1.24
         止损比例                     -4%
         止盈比例                    +10%
       最大持仓天数                      15
     跳空低开过滤阈值                     98%
